--- Running Test on CEDA ---
Dataset reference established: https://esgf.ceda.ac.uk/thredds/fileServer/esg_cmip6/CMIP6/CMIP/MOHC/UKESM1-1-LL/piControl/r1i1p1f2/Amon/ta/gn/latest/ta_Amon_UKESM1-1-LL_piControl_r1i1p1f2_gn_274301-274912.nc
28/Jul/2026:16:33:08.324896 39225636 Range=bytes=1853193-2737377
28/Jul/2026:16:33:08.325073 65baace8 Range=bytes=2737378-3638259
28/Jul/2026:16:33:08.326083 8ee6e328 Range=bytes=3638260-4518705
28/Jul/2026:16:33:08.326874 6f351fc5 Range=bytes=4518706-5393775
28/Jul/2026:16:33:08.327707 dece5b0b Range=bytes=5393776-6271701
28/Jul/2026:16:33:08.328141 210f0973 Range=bytes=6271702-7153944
28/Jul/2026:16:33:08.328569 013befcd Range=bytes=7153945-8045407
28/Jul/2026:16:33:08.328975 1d10de94 Range=bytes=8045408-8949555
28/Jul/2026:16:33:08.329349 77ce0701 Range=bytes=8949556-9857112
28/Jul/2026:16:33:08.329719 5ab328a7 Range=bytes=9857113-10742664
28/Jul/2026:16:33:08.330098 f59f3c21 Range=bytes=10742665-11634657
28/Jul/2026:16:33:08.330491 501f9cff Range=bytes=11634658-12539080
28/Jul/2026:16:33:08.330850 de1b1c2f Range=bytes=12539081-13432777
28/Jul/2026:16:33:08.331208 f0de0803 Range=bytes=13432778-14314694
28/Jul/2026:16:33:08.331643 bc56dc0f Range=bytes=14314695-15197499
28/Jul/2026:16:33:08.332033 e090ea77 Range=bytes=15197500-16076114
28/Jul/2026:16:33:08.332403 3f088097 Range=bytes=16076115-16954008
28/Jul/2026:16:33:08.333051 119889df Range=bytes=16954009-17834397
28/Jul/2026:16:33:08.333607 6cba6016 Range=bytes=17834398-18720246
28/Jul/2026:16:33:08.334186 29d4b72d Range=bytes=18720247-19628755
28/Jul/2026:16:33:08.334950 89374c8e Range=bytes=19628756-20533425
28/Jul/2026:16:33:08.335528 774d9a7e Range=bytes=20533426-21427508
28/Jul/2026:16:33:08.336048 9d9210e7 Range=bytes=21427509-22319446
28/Jul/2026:16:33:08.336420 a4d1c9ba Range=bytes=22319447-23216624
28/Jul/2026:16:33:08.336848 5c00eac3 Range=bytes=23216625-24112482
28/Jul/2026:16:33:08.337223 af2b7402 Range=bytes=24112483-25007052
28/Jul/2026:16:33:08.337618 7ba86c30 Range=bytes=25007053-25868534
28/Jul/2026:16:33:08.338162 c9198543 Range=bytes=25868535-26740136
28/Jul/2026:16:33:08.338511 b307eddc Range=bytes=26740137-27618904
28/Jul/2026:16:33:08.338838 c42a119b Range=bytes=27618905-28502198
28/Jul/2026:16:33:08.339401 43a91179 Range=bytes=28502199-29390793
28/Jul/2026:16:33:08.339940 b850e3db Range=bytes=29390794-30293808
28/Jul/2026:16:33:08.340341 8c281138 Range=bytes=30293809-31197860
28/Jul/2026:16:33:08.340699 dd856d81 Range=bytes=31197861-32090385
28/Jul/2026:16:33:08.341230 fc59332d Range=bytes=32090386-32984458
28/Jul/2026:16:33:08.341790 47abf9e7 Range=bytes=32984459-33876257
28/Jul/2026:16:33:08.342350 0ade379a Range=bytes=33876258-34776766
28/Jul/2026:16:33:08.342922 d86839c1 Range=bytes=34776767-35665543
28/Jul/2026:16:33:08.343517 2d4c2b85 Range=bytes=35665544-36541690
28/Jul/2026:16:33:08.343994 5bf5ab49 Range=bytes=36541691-37412182
28/Jul/2026:16:33:08.344438 1b0dd325 Range=bytes=37412183-38291905
28/Jul/2026:16:33:08.344857 6f49ada1 Range=bytes=38291906-39176371
28/Jul/2026:16:33:08.345218 a49ccde2 Range=bytes=39176372-40067155
28/Jul/2026:16:33:08.345602 25cb3676 Range=bytes=40067156-40967252
28/Jul/2026:16:33:08.345965 ea852091 Range=bytes=40967253-41867079
28/Jul/2026:16:33:08.346362 17a39bed Range=bytes=41867080-42764989
28/Jul/2026:16:33:08.346727 9ef079a9 Range=bytes=42764990-43660600
28/Jul/2026:16:33:08.347083 69db6e61 Range=bytes=43660601-44550192
28/Jul/2026:16:33:08.347399 65195ddf Range=bytes=44550193-45445158
28/Jul/2026:16:33:08.482049 d86839c1 Range=bytes=34776767-35665543 Recieved
28/Jul/2026:16:33:08.608381 f0de0803 Range=bytes=13432778-14314694 Recieved
28/Jul/2026:16:33:08.615186 39225636 Range=bytes=1853193-2737377 Recieved
28/Jul/2026:16:33:08.730231 1b0dd325 Range=bytes=37412183-38291905 Recieved
28/Jul/2026:16:33:08.758976 8c281138 Range=bytes=30293809-31197860 Recieved
28/Jul/2026:16:33:08.866084 210f0973 Range=bytes=6271702-7153944 Recieved
28/Jul/2026:16:33:08.866342 65baace8 Range=bytes=2737378-3638259 Recieved
28/Jul/2026:16:33:08.869568 77ce0701 Range=bytes=8949556-9857112 Recieved
28/Jul/2026:16:33:08.873753 5ab328a7 Range=bytes=9857113-10742664 Recieved
28/Jul/2026:16:33:08.874063 a49ccde2 Range=bytes=39176372-40067155 Recieved
28/Jul/2026:16:33:08.891042 6f351fc5 Range=bytes=4518706-5393775 Recieved
28/Jul/2026:16:33:08.891874 69db6e61 Range=bytes=43660601-44550192 Recieved
28/Jul/2026:16:33:08.894620 89374c8e Range=bytes=19628756-20533425 Recieved
28/Jul/2026:16:33:08.896311 7ba86c30 Range=bytes=25007053-25868534 Recieved
28/Jul/2026:16:33:08.900638 af2b7402 Range=bytes=24112483-25007052 Recieved
28/Jul/2026:16:33:08.902999 de1b1c2f Range=bytes=12539081-13432777 Recieved
28/Jul/2026:16:33:08.906618 8ee6e328 Range=bytes=3638260-4518705 Recieved
28/Jul/2026:16:33:08.914031 5c00eac3 Range=bytes=23216625-24112482 Recieved
28/Jul/2026:16:33:08.914907 013befcd Range=bytes=7153945-8045407 Recieved
28/Jul/2026:16:33:08.921083 3f088097 Range=bytes=16076115-16954008 Recieved
28/Jul/2026:16:33:08.935584 17a39bed Range=bytes=41867080-42764989 Recieved
28/Jul/2026:16:33:08.938675 c42a119b Range=bytes=27618905-28502198 Recieved
28/Jul/2026:16:33:08.939156 119889df Range=bytes=16954009-17834397 Recieved
28/Jul/2026:16:33:08.947352 9d9210e7 Range=bytes=21427509-22319446 Recieved
28/Jul/2026:16:33:08.949787 0ade379a Range=bytes=33876258-34776766 Recieved
28/Jul/2026:16:33:08.952327 6cba6016 Range=bytes=17834398-18720246 Recieved
28/Jul/2026:16:33:08.955224 dd856d81 Range=bytes=31197861-32090385 Recieved
28/Jul/2026:16:33:08.956443 b307eddc Range=bytes=26740137-27618904 Recieved
28/Jul/2026:16:33:08.958711 f59f3c21 Range=bytes=10742665-11634657 Recieved
28/Jul/2026:16:33:08.959015 25cb3676 Range=bytes=40067156-40967252 Recieved
28/Jul/2026:16:33:08.961209 2d4c2b85 Range=bytes=35665544-36541690 Recieved
28/Jul/2026:16:33:08.962407 47abf9e7 Range=bytes=32984459-33876257 Recieved
28/Jul/2026:16:33:08.963746 bc56dc0f Range=bytes=14314695-15197499 Recieved
28/Jul/2026:16:33:08.963920 774d9a7e Range=bytes=20533426-21427508 Recieved
28/Jul/2026:16:33:08.964405 501f9cff Range=bytes=11634658-12539080 Recieved
28/Jul/2026:16:33:08.965465 b850e3db Range=bytes=29390794-30293808 Recieved
28/Jul/2026:16:33:08.966513 c9198543 Range=bytes=25868535-26740136 Recieved
28/Jul/2026:16:33:08.966996 a4d1c9ba Range=bytes=22319447-23216624 Recieved
28/Jul/2026:16:33:08.969362 ea852091 Range=bytes=40967253-41867079 Recieved
28/Jul/2026:16:33:08.970744 dece5b0b Range=bytes=5393776-6271701 Recieved
28/Jul/2026:16:33:08.971505 65195ddf Range=bytes=44550193-45445158 Recieved
28/Jul/2026:16:33:08.972308 29d4b72d Range=bytes=18720247-19628755 Recieved
28/Jul/2026:16:33:08.974362 6f49ada1 Range=bytes=38291906-39176371 Recieved
28/Jul/2026:16:33:08.977807 1d10de94 Range=bytes=8045408-8949555 Recieved
28/Jul/2026:16:33:08.985599 5bf5ab49 Range=bytes=36541691-37412182 Recieved
28/Jul/2026:16:33:08.986963 9ef079a9 Range=bytes=42764990-43660600 Recieved
28/Jul/2026:16:33:08.990031 43a91179 Range=bytes=28502199-29390793 Recieved
28/Jul/2026:16:33:08.991293 e090ea77 Range=bytes=15197500-16076114 Recieved
28/Jul/2026:16:33:08.993202 fc59332d Range=bytes=32090386-32984458 Recieved
Thread for range[2,51] completed | maxWorkers: 1| Latency: 0.9181s 
28/Jul/2026:16:33:09.243759 c4227ab3 Range=bytes=66762764-67658187
28/Jul/2026:16:33:09.243919 6481ae65 Range=bytes=67658188-68540594
28/Jul/2026:16:33:09.243988 c681c55e Range=bytes=68540595-69410542
28/Jul/2026:16:33:09.244047 e0b96740 Range=bytes=69410543-70288571
28/Jul/2026:16:33:09.244103 faeea61c Range=bytes=70288572-71179447
28/Jul/2026:16:33:09.244164 2d931489 Range=bytes=71179448-72063915
28/Jul/2026:16:33:09.244218 fb2c8739 Range=bytes=72063916-72966797
28/Jul/2026:16:33:09.244308 f3079e6c Range=bytes=72966798-73863593
28/Jul/2026:16:33:09.244366 c19f4636 Range=bytes=73875066-74767678
28/Jul/2026:16:33:09.313116 fb2c8739 Range=bytes=72063916-72966797 Recieved
28/Jul/2026:16:33:09.324750 c19f4636 Range=bytes=73875066-74767678 Recieved
28/Jul/2026:16:33:09.359141 c4227ab3 Range=bytes=66762764-67658187 Recieved
28/Jul/2026:16:33:09.498397 6481ae65 Range=bytes=67658188-68540594 Recieved
28/Jul/2026:16:33:09.499382 2d931489 Range=bytes=71179448-72063915 Recieved
28/Jul/2026:16:33:09.502143 f3079e6c Range=bytes=72966798-73863593 Recieved
28/Jul/2026:16:33:09.530492 c681c55e Range=bytes=68540595-69410542 Recieved
28/Jul/2026:16:33:09.586654 e0b96740 Range=bytes=69410543-70288571 Recieved
28/Jul/2026:16:33:09.749886 faeea61c Range=bytes=70288572-71179447 Recieved
Thread for range[75,124] completed | maxWorkers: 1| Latency: 0.5785s 
Thread for range[141,190] completed | maxWorkers: 1| Latency: 0.0001s 
Thread for range[203,252] completed | maxWorkers: 1| Latency: 0.0000s 
Thread for range[254,303] completed | maxWorkers: 1| Latency: 0.0000s 
Thread for range[306,355] completed | maxWorkers: 1| Latency: 0.0000s 
Thread for range[372,421] completed | maxWorkers: 1| Latency: 0.0000s 
Thread for range[437,486] completed | maxWorkers: 1| Latency: 0.0000s 
Thread for range[491,540] completed | maxWorkers: 1| Latency: 0.0000s 
Thread for range[559,608] completed | maxWorkers: 1| Latency: 0.0000s 
28/Jul/2026:16:33:09.867734 85ef36e7 Range=bytes=1853193-2737377
28/Jul/2026:16:33:09.867944 35dd7e3c Range=bytes=2737378-3638259
28/Jul/2026:16:33:09.868043 17ee4dfe Range=bytes=3638260-4518705
28/Jul/2026:16:33:09.868128 0be5dc1e Range=bytes=4518706-5393775
28/Jul/2026:16:33:09.868209 c0d464f6 Range=bytes=5393776-6271701
28/Jul/2026:16:33:09.868285 4d4f1674 Range=bytes=6271702-7153944
28/Jul/2026:16:33:09.868368 d3384a23 Range=bytes=7153945-8045407
28/Jul/2026:16:33:09.868448 c9f656ad Range=bytes=8045408-8949555
28/Jul/2026:16:33:09.868531 6c8f44ad Range=bytes=8949556-9857112
28/Jul/2026:16:33:09.868611 cc112248 Range=bytes=9857113-10742664
28/Jul/2026:16:33:09.868691 a3e47e35 Range=bytes=10742665-11634657
28/Jul/2026:16:33:09.868767 fd4720bb Range=bytes=11634658-12539080
28/Jul/2026:16:33:09.868850 7e2294d1 Range=bytes=12539081-13432777
28/Jul/2026:16:33:09.868924 8a87c265 Range=bytes=13432778-14314694
28/Jul/2026:16:33:09.869005 55e8e223 Range=bytes=14314695-15197499
28/Jul/2026:16:33:09.869073 fce16d7f Range=bytes=15197500-16076114
28/Jul/2026:16:33:09.869141 41fdb9ca Range=bytes=16076115-16954008
28/Jul/2026:16:33:09.870115 7a5df391 Range=bytes=16954009-17834397
28/Jul/2026:16:33:09.870208 81504fe3 Range=bytes=17834398-18720246
28/Jul/2026:16:33:09.870288 8ae5a6e7 Range=bytes=18720247-19628755
28/Jul/2026:16:33:09.870366 81451086 Range=bytes=19628756-20533425
28/Jul/2026:16:33:09.870438 53001eec Range=bytes=20533426-21427508
28/Jul/2026:16:33:09.870517 3a37a128 Range=bytes=21427509-22319446
28/Jul/2026:16:33:09.870598 53a9769d Range=bytes=22319447-23216624
28/Jul/2026:16:33:09.870674 76993014 Range=bytes=23216625-24112482
28/Jul/2026:16:33:09.870751 620537ad Range=bytes=24112483-25007052
28/Jul/2026:16:33:09.870818 12ef84c6 Range=bytes=25007053-25868534
28/Jul/2026:16:33:09.870889 3231d1da Range=bytes=25868535-26740136
28/Jul/2026:16:33:09.870970 340cf7b4 Range=bytes=26740137-27618904
28/Jul/2026:16:33:09.871046 51423c8b Range=bytes=27618905-28502198
28/Jul/2026:16:33:09.871119 6bd0bee1 Range=bytes=28502199-29390793
28/Jul/2026:16:33:09.871187 f08ae7bb Range=bytes=29390794-30293808
28/Jul/2026:16:33:09.871249 c5275d11 Range=bytes=30293809-31197860
28/Jul/2026:16:33:09.871325 f14df43e Range=bytes=31197861-32090385
28/Jul/2026:16:33:09.871395 ac733983 Range=bytes=32090386-32984458
28/Jul/2026:16:33:09.871462 8ad6e8f1 Range=bytes=32984459-33876257
28/Jul/2026:16:33:09.871523 d8a6c77e Range=bytes=33876258-34776766
28/Jul/2026:16:33:09.871587 c84ddf2b Range=bytes=34776767-35665543
28/Jul/2026:16:33:09.871651 828c0d4c Range=bytes=35665544-36541690
28/Jul/2026:16:33:09.871714 7f6f78d6 Range=bytes=36541691-37412182
28/Jul/2026:16:33:09.871778 439c7d74 Range=bytes=37412183-38291905
28/Jul/2026:16:33:09.871842 c2e1f6f4 Range=bytes=38291906-39176371
28/Jul/2026:16:33:09.871905 48bb8ad8 Range=bytes=39176372-40067155
28/Jul/2026:16:33:09.871977 cf7a3620 Range=bytes=40067156-40967252
28/Jul/2026:16:33:09.872047 3a2a335f Range=bytes=40967253-41867079
28/Jul/2026:16:33:09.872115 d5be759a Range=bytes=41867080-42764989
28/Jul/2026:16:33:09.872181 c7cefa8b Range=bytes=42764990-43660600
28/Jul/2026:16:33:09.872243 74f0bb03 Range=bytes=43660601-44550192
28/Jul/2026:16:33:09.872310 1a19386c Range=bytes=44550193-45445158
28/Jul/2026:16:33:09.872423 979e766d Range=bytes=66762764-67658187
28/Jul/2026:16:33:09.873865 ca609235 Range=bytes=67658188-68540594
28/Jul/2026:16:33:09.874854 4d9d129a Range=bytes=68540595-69410542
28/Jul/2026:16:33:09.875744 dfa5eba7 Range=bytes=69410543-70288571
28/Jul/2026:16:33:09.876557 8409dc59 Range=bytes=70288572-71179447
28/Jul/2026:16:33:09.877317 55d15526 Range=bytes=71179448-72063915
28/Jul/2026:16:33:09.877948 730f4114 Range=bytes=72063916-72966797
28/Jul/2026:16:33:09.878582 09586410 Range=bytes=72966798-73863593
28/Jul/2026:16:33:09.879253 8d248733 Range=bytes=73875066-74767678
28/Jul/2026:16:33:10.065346 6c8f44ad Range=bytes=8949556-9857112 Recieved
28/Jul/2026:16:33:10.094504 0be5dc1e Range=bytes=4518706-5393775 Recieved
28/Jul/2026:16:33:10.107875 a3e47e35 Range=bytes=10742665-11634657 Recieved
28/Jul/2026:16:33:10.116921 3a2a335f Range=bytes=40967253-41867079 Recieved
28/Jul/2026:16:33:10.119590 cc112248 Range=bytes=9857113-10742664 Recieved
28/Jul/2026:16:33:10.123457 c7cefa8b Range=bytes=42764990-43660600 Recieved
28/Jul/2026:16:33:10.132147 c0d464f6 Range=bytes=5393776-6271701 Recieved
28/Jul/2026:16:33:10.147782 55e8e223 Range=bytes=14314695-15197499 Recieved
28/Jul/2026:16:33:10.149320 48bb8ad8 Range=bytes=39176372-40067155 Recieved
28/Jul/2026:16:33:10.159462 cf7a3620 Range=bytes=40067156-40967252 Recieved
28/Jul/2026:16:33:10.163772 85ef36e7 Range=bytes=1853193-2737377 Recieved
28/Jul/2026:16:33:10.164805 439c7d74 Range=bytes=37412183-38291905 Recieved
28/Jul/2026:16:33:10.173759 d5be759a Range=bytes=41867080-42764989 Recieved
28/Jul/2026:16:33:10.200631 d3384a23 Range=bytes=7153945-8045407 Recieved
28/Jul/2026:16:33:10.200741 81451086 Range=bytes=19628756-20533425 Recieved
28/Jul/2026:16:33:10.206981 c2e1f6f4 Range=bytes=38291906-39176371 Recieved
28/Jul/2026:16:33:10.207543 51423c8b Range=bytes=27618905-28502198 Recieved
28/Jul/2026:16:33:10.223966 340cf7b4 Range=bytes=26740137-27618904 Recieved
28/Jul/2026:16:33:10.224929 3231d1da Range=bytes=25868535-26740136 Recieved
28/Jul/2026:16:33:10.225607 35dd7e3c Range=bytes=2737378-3638259 Recieved
28/Jul/2026:16:33:10.236706 6bd0bee1 Range=bytes=28502199-29390793 Recieved
28/Jul/2026:16:33:10.281625 53001eec Range=bytes=20533426-21427508 Recieved
28/Jul/2026:16:33:10.286112 17ee4dfe Range=bytes=3638260-4518705 Recieved
28/Jul/2026:16:33:10.378671 f08ae7bb Range=bytes=29390794-30293808 Recieved
28/Jul/2026:16:33:10.393974 74f0bb03 Range=bytes=43660601-44550192 Recieved
28/Jul/2026:16:33:10.395146 d8a6c77e Range=bytes=33876258-34776766 Recieved
28/Jul/2026:16:33:10.400047 c9f656ad Range=bytes=8045408-8949555 Recieved
28/Jul/2026:16:33:10.402209 53a9769d Range=bytes=22319447-23216624 Recieved
28/Jul/2026:16:33:10.415873 730f4114 Range=bytes=72063916-72966797 Recieved
28/Jul/2026:16:33:10.422598 979e766d Range=bytes=66762764-67658187 Recieved
28/Jul/2026:16:33:10.429993 81504fe3 Range=bytes=17834398-18720246 Recieved
28/Jul/2026:16:33:10.430525 55d15526 Range=bytes=71179448-72063915 Recieved
28/Jul/2026:16:33:10.432358 09586410 Range=bytes=72966798-73863593 Recieved
28/Jul/2026:16:33:10.437819 1a19386c Range=bytes=44550193-45445158 Recieved
28/Jul/2026:16:33:10.446116 7f6f78d6 Range=bytes=36541691-37412182 Recieved
28/Jul/2026:16:33:10.450070 828c0d4c Range=bytes=35665544-36541690 Recieved
28/Jul/2026:16:33:10.466255 f14df43e Range=bytes=31197861-32090385 Recieved
28/Jul/2026:16:33:10.467494 7a5df391 Range=bytes=16954009-17834397 Recieved
28/Jul/2026:16:33:10.470033 7e2294d1 Range=bytes=12539081-13432777 Recieved
28/Jul/2026:16:33:10.475660 4d9d129a Range=bytes=68540595-69410542 Recieved
28/Jul/2026:16:33:10.478230 fce16d7f Range=bytes=15197500-16076114 Recieved
28/Jul/2026:16:33:10.482515 12ef84c6 Range=bytes=25007053-25868534 Recieved
28/Jul/2026:16:33:10.498587 fd4720bb Range=bytes=11634658-12539080 Recieved
28/Jul/2026:16:33:10.502855 76993014 Range=bytes=23216625-24112482 Recieved
28/Jul/2026:16:33:10.514077 3a37a128 Range=bytes=21427509-22319446 Recieved
28/Jul/2026:16:33:10.611434 8ad6e8f1 Range=bytes=32984459-33876257 Recieved
28/Jul/2026:16:33:10.615250 8a87c265 Range=bytes=13432778-14314694 Recieved
28/Jul/2026:16:33:10.620469 4d4f1674 Range=bytes=6271702-7153944 Recieved
28/Jul/2026:16:33:10.624293 620537ad Range=bytes=24112483-25007052 Recieved
28/Jul/2026:16:33:10.628166 8ae5a6e7 Range=bytes=18720247-19628755 Recieved
28/Jul/2026:16:33:10.641472 ca609235 Range=bytes=67658188-68540594 Recieved
28/Jul/2026:16:33:10.649921 41fdb9ca Range=bytes=16076115-16954008 Recieved
28/Jul/2026:16:33:10.655849 ac733983 Range=bytes=32090386-32984458 Recieved
28/Jul/2026:16:33:10.696105 c5275d11 Range=bytes=30293809-31197860 Recieved
28/Jul/2026:16:33:10.714816 c84ddf2b Range=bytes=34776767-35665543 Recieved
Thread for range[2,51] completed | maxWorkers: 2| Latency: 1.1139s 
Thread for range[141,190] completed | maxWorkers: 2| Latency: 0.0000s 
Thread for range[203,252] completed | maxWorkers: 2| Latency: 0.0000s 
Thread for range[254,303] completed | maxWorkers: 2| Latency: 0.0000s 
Thread for range[306,355] completed | maxWorkers: 2| Latency: 0.0000s 
Thread for range[372,421] completed | maxWorkers: 2| Latency: 0.0000s 
Thread for range[437,486] completed | maxWorkers: 2| Latency: 0.0000s 
Thread for range[491,540] completed | maxWorkers: 2| Latency: 0.0000s 
Thread for range[559,608] completed | maxWorkers: 2| Latency: 0.0000s 
28/Jul/2026:16:33:11.177530 dfa5eba7 Range=bytes=69410543-70288571 Recieved
28/Jul/2026:16:33:11.179166 8d248733 Range=bytes=73875066-74767678 Recieved
28/Jul/2026:16:33:11.431062 8409dc59 Range=bytes=70288572-71179447 Recieved
Thread for range[75,124] completed | maxWorkers: 2| Latency: 1.6371s 
28/Jul/2026:16:33:11.512547 bf78159e Range=bytes=1853193-2737377
Thread for range[203,252] completed | maxWorkers: 5| Latency: 0.0000s 
28/Jul/2026:16:33:11.512821 335cf6eb Range=bytes=2737378-3638259
28/Jul/2026:16:33:11.512936 41a2ae81 Range=bytes=3638260-4518705
28/Jul/2026:16:33:11.513020 f2bc774a Range=bytes=4518706-5393775
28/Jul/2026:16:33:11.513093 dc5634b3 Range=bytes=5393776-6271701
28/Jul/2026:16:33:11.513158 3477d1be Range=bytes=6271702-7153944
28/Jul/2026:16:33:11.513221 92d8bf68 Range=bytes=7153945-8045407
28/Jul/2026:16:33:11.513282 ba4f9347 Range=bytes=8045408-8949555
28/Jul/2026:16:33:11.513342 76a8df83 Range=bytes=8949556-9857112
28/Jul/2026:16:33:11.513402 77834856 Range=bytes=9857113-10742664
28/Jul/2026:16:33:11.513460 3d8715da Range=bytes=10742665-11634657
28/Jul/2026:16:33:11.513519 e3f2a9a1 Range=bytes=11634658-12539080
28/Jul/2026:16:33:11.513584 062522b4 Range=bytes=12539081-13432777
28/Jul/2026:16:33:11.513642 b4da4b63 Range=bytes=13432778-14314694
28/Jul/2026:16:33:11.513702 375b5533 Range=bytes=14314695-15197499
28/Jul/2026:16:33:11.513758 fcf0f86f Range=bytes=15197500-16076114
28/Jul/2026:16:33:11.513814 8cfd3e10 Range=bytes=16076115-16954008
28/Jul/2026:16:33:11.513870 cecf599c Range=bytes=16954009-17834397
28/Jul/2026:16:33:11.513926 12fc34ed Range=bytes=17834398-18720246
28/Jul/2026:16:33:11.513981 e07d1fb2 Range=bytes=18720247-19628755
28/Jul/2026:16:33:11.514037 da4b94c6 Range=bytes=19628756-20533425
28/Jul/2026:16:33:11.514089 cf770748 Range=bytes=20533426-21427508
28/Jul/2026:16:33:11.514143 91ef9167 Range=bytes=21427509-22319446
28/Jul/2026:16:33:11.514197 d585f97d Range=bytes=22319447-23216624
28/Jul/2026:16:33:11.514250 b60a6e92 Range=bytes=23216625-24112482
28/Jul/2026:16:33:11.514304 96d5a2c3 Range=bytes=24112483-25007052
28/Jul/2026:16:33:11.514359 a2b9e015 Range=bytes=25007053-25868534
28/Jul/2026:16:33:11.514413 4d209fbf Range=bytes=25868535-26740136
28/Jul/2026:16:33:11.514471 e560d10f Range=bytes=26740137-27618904
28/Jul/2026:16:33:11.514528 6ae088c7 Range=bytes=27618905-28502198
28/Jul/2026:16:33:11.514586 545f1fb1 Range=bytes=28502199-29390793
28/Jul/2026:16:33:11.514642 3c21f669 Range=bytes=29390794-30293808
28/Jul/2026:16:33:11.514696 78373fd5 Range=bytes=30293809-31197860
28/Jul/2026:16:33:11.514750 5e4488d0 Range=bytes=31197861-32090385
28/Jul/2026:16:33:11.514804 fda80c87 Range=bytes=32090386-32984458
28/Jul/2026:16:33:11.514860 2dfa1cf6 Range=bytes=32984459-33876257
28/Jul/2026:16:33:11.514913 36045941 Range=bytes=33876258-34776766
28/Jul/2026:16:33:11.514968 74a850e8 Range=bytes=34776767-35665543
28/Jul/2026:16:33:11.515026 cf1d030a Range=bytes=35665544-36541690
28/Jul/2026:16:33:11.515079 9f47c29b Range=bytes=36541691-37412182
28/Jul/2026:16:33:11.515135 d5b37143 Range=bytes=37412183-38291905
28/Jul/2026:16:33:11.515191 517eaba9 Range=bytes=38291906-39176371
28/Jul/2026:16:33:11.515245 c988f1c9 Range=bytes=39176372-40067155
28/Jul/2026:16:33:11.515300 ea84b5ff Range=bytes=40067156-40967252
28/Jul/2026:16:33:11.515355 9e6d8f7f Range=bytes=40967253-41867079
28/Jul/2026:16:33:11.515408 9d852755 Range=bytes=41867080-42764989
28/Jul/2026:16:33:11.515461 f880ae63 Range=bytes=42764990-43660600
28/Jul/2026:16:33:11.515519 60ca71cc Range=bytes=43660601-44550192
28/Jul/2026:16:33:11.515573 c8330a92 Range=bytes=44550193-45445158
28/Jul/2026:16:33:11.515629 ad1478f6 Range=bytes=66762764-67658187
28/Jul/2026:16:33:11.515684 f7d16a0a Range=bytes=67658188-68540594
28/Jul/2026:16:33:11.515738 3aaf63f6 Range=bytes=68540595-69410542
28/Jul/2026:16:33:11.515792 366dce7f Range=bytes=69410543-70288571
28/Jul/2026:16:33:11.515844 9ffca31a Range=bytes=70288572-71179447
28/Jul/2026:16:33:11.515896 1afa5dec Range=bytes=71179448-72063915
28/Jul/2026:16:33:11.515948 d7fa731d Range=bytes=72063916-72966797
28/Jul/2026:16:33:11.516005 153537c6 Range=bytes=72966798-73863593
28/Jul/2026:16:33:11.516060 06f36aee Range=bytes=73875066-74767678
Thread for range[437,486] completed | maxWorkers: 5| Latency: 0.0000s 
Thread for range[141,190] completed | maxWorkers: 5| Latency: 0.0000s 
Thread for range[306,355] completed | maxWorkers: 5| Latency: 0.0000s 
Thread for range[254,303] completed | maxWorkers: 5| Latency: 0.0000s 
Thread for range[372,421] completed | maxWorkers: 5| Latency: 0.0000s 
Thread for range[491,540] completed | maxWorkers: 5| Latency: 0.0000s 
Thread for range[559,608] completed | maxWorkers: 5| Latency: 0.0000s 
28/Jul/2026:16:33:11.685735 3477d1be Range=bytes=6271702-7153944 Recieved
28/Jul/2026:16:33:11.702570 ba4f9347 Range=bytes=8045408-8949555 Recieved
28/Jul/2026:16:33:11.725942 e07d1fb2 Range=bytes=18720247-19628755 Recieved
28/Jul/2026:16:33:11.728396 78373fd5 Range=bytes=30293809-31197860 Recieved
28/Jul/2026:16:33:11.730099 3c21f669 Range=bytes=29390794-30293808 Recieved
28/Jul/2026:16:33:11.734253 6ae088c7 Range=bytes=27618905-28502198 Recieved
28/Jul/2026:16:33:11.740391 9f47c29b Range=bytes=36541691-37412182 Recieved
28/Jul/2026:16:33:11.740609 e3f2a9a1 Range=bytes=11634658-12539080 Recieved
28/Jul/2026:16:33:11.750562 b4da4b63 Range=bytes=13432778-14314694 Recieved
28/Jul/2026:16:33:11.797733 60ca71cc Range=bytes=43660601-44550192 Recieved
28/Jul/2026:16:33:11.833329 d7fa731d Range=bytes=72063916-72966797 Recieved
28/Jul/2026:16:33:11.847050 77834856 Range=bytes=9857113-10742664 Recieved
28/Jul/2026:16:33:11.849635 76a8df83 Range=bytes=8949556-9857112 Recieved
28/Jul/2026:16:33:11.863015 335cf6eb Range=bytes=2737378-3638259 Recieved
28/Jul/2026:16:33:11.864211 36045941 Range=bytes=33876258-34776766 Recieved
28/Jul/2026:16:33:11.865249 fcf0f86f Range=bytes=15197500-16076114 Recieved
28/Jul/2026:16:33:11.867500 5e4488d0 Range=bytes=31197861-32090385 Recieved
28/Jul/2026:16:33:11.868549 c988f1c9 Range=bytes=39176372-40067155 Recieved
28/Jul/2026:16:33:11.873666 92d8bf68 Range=bytes=7153945-8045407 Recieved
28/Jul/2026:16:33:11.884808 d585f97d Range=bytes=22319447-23216624 Recieved
28/Jul/2026:16:33:11.887757 fda80c87 Range=bytes=32090386-32984458 Recieved
28/Jul/2026:16:33:11.891398 41a2ae81 Range=bytes=3638260-4518705 Recieved
28/Jul/2026:16:33:11.894503 91ef9167 Range=bytes=21427509-22319446 Recieved
28/Jul/2026:16:33:11.899659 06f36aee Range=bytes=73875066-74767678 Recieved
28/Jul/2026:16:33:11.904347 ad1478f6 Range=bytes=66762764-67658187 Recieved
28/Jul/2026:16:33:11.907281 545f1fb1 Range=bytes=28502199-29390793 Recieved
28/Jul/2026:16:33:11.912341 2dfa1cf6 Range=bytes=32984459-33876257 Recieved
28/Jul/2026:16:33:11.914911 12fc34ed Range=bytes=17834398-18720246 Recieved
28/Jul/2026:16:33:11.920668 9e6d8f7f Range=bytes=40967253-41867079 Recieved
28/Jul/2026:16:33:11.923413 96d5a2c3 Range=bytes=24112483-25007052 Recieved
28/Jul/2026:16:33:11.923959 b60a6e92 Range=bytes=23216625-24112482 Recieved
28/Jul/2026:16:33:11.925307 ea84b5ff Range=bytes=40067156-40967252 Recieved
28/Jul/2026:16:33:11.925495 153537c6 Range=bytes=72966798-73863593 Recieved
28/Jul/2026:16:33:11.928398 a2b9e015 Range=bytes=25007053-25868534 Recieved
28/Jul/2026:16:33:11.932000 3d8715da Range=bytes=10742665-11634657 Recieved
28/Jul/2026:16:33:11.933196 9ffca31a Range=bytes=70288572-71179447 Recieved
28/Jul/2026:16:33:11.939261 3aaf63f6 Range=bytes=68540595-69410542 Recieved
28/Jul/2026:16:33:11.942367 f2bc774a Range=bytes=4518706-5393775 Recieved
28/Jul/2026:16:33:11.943441 dc5634b3 Range=bytes=5393776-6271701 Recieved
28/Jul/2026:16:33:11.946366 e560d10f Range=bytes=26740137-27618904 Recieved
28/Jul/2026:16:33:11.947935 062522b4 Range=bytes=12539081-13432777 Recieved
28/Jul/2026:16:33:11.949679 cecf599c Range=bytes=16954009-17834397 Recieved
28/Jul/2026:16:33:11.951371 c8330a92 Range=bytes=44550193-45445158 Recieved
28/Jul/2026:16:33:11.956665 cf770748 Range=bytes=20533426-21427508 Recieved
28/Jul/2026:16:33:11.957005 1afa5dec Range=bytes=71179448-72063915 Recieved
28/Jul/2026:16:33:11.961375 da4b94c6 Range=bytes=19628756-20533425 Recieved
28/Jul/2026:16:33:11.961573 8cfd3e10 Range=bytes=16076115-16954008 Recieved
28/Jul/2026:16:33:11.962640 4d209fbf Range=bytes=25868535-26740136 Recieved
28/Jul/2026:16:33:11.963789 375b5533 Range=bytes=14314695-15197499 Recieved
28/Jul/2026:16:33:11.965675 517eaba9 Range=bytes=38291906-39176371 Recieved
28/Jul/2026:16:33:11.978066 366dce7f Range=bytes=69410543-70288571 Recieved
28/Jul/2026:16:33:11.987262 f880ae63 Range=bytes=42764990-43660600 Recieved
28/Jul/2026:16:33:12.002751 d5b37143 Range=bytes=37412183-38291905 Recieved
28/Jul/2026:16:33:12.078572 74a850e8 Range=bytes=34776767-35665543 Recieved
28/Jul/2026:16:33:12.131126 bf78159e Range=bytes=1853193-2737377 Recieved
28/Jul/2026:16:33:12.165108 f7d16a0a Range=bytes=67658188-68540594 Recieved
28/Jul/2026:16:33:12.192785 cf1d030a Range=bytes=35665544-36541690 Recieved
28/Jul/2026:16:33:12.219841 9d852755 Range=bytes=41867080-42764989 Recieved
Thread for range[75,124] completed | maxWorkers: 5| Latency: 0.7210s 
Thread for range[2,51] completed | maxWorkers: 5| Latency: 0.9423s 
28/Jul/2026:16:33:12.468266 a8245218 Range=bytes=1853193-2737377
Thread for range[372,421] completed | maxWorkers: 10| Latency: 0.0000s 
28/Jul/2026:16:33:12.468515 8d3b2f64 Range=bytes=2737378-3638259
28/Jul/2026:16:33:12.468614 da116f1e Range=bytes=3638260-4518705
28/Jul/2026:16:33:12.468683 66cc780c Range=bytes=4518706-5393775
28/Jul/2026:16:33:12.468749 bb2bbde0 Range=bytes=5393776-6271701
28/Jul/2026:16:33:12.468806 519cf856 Range=bytes=6271702-7153944
28/Jul/2026:16:33:12.468861 810d2bf7 Range=bytes=7153945-8045407
28/Jul/2026:16:33:12.468913 0071be39 Range=bytes=8045408-8949555
28/Jul/2026:16:33:12.468964 5365fc31 Range=bytes=8949556-9857112
28/Jul/2026:16:33:12.469013 6f46ffb5 Range=bytes=9857113-10742664
28/Jul/2026:16:33:12.469063 0d9088cd Range=bytes=10742665-11634657
28/Jul/2026:16:33:12.469113 47362f92 Range=bytes=11634658-12539080
28/Jul/2026:16:33:12.469165 30bedbb8 Range=bytes=12539081-13432777
28/Jul/2026:16:33:12.469214 c6e829bc Range=bytes=13432778-14314694
28/Jul/2026:16:33:12.469384 88cda233 Range=bytes=14314695-15197499
28/Jul/2026:16:33:12.469443 162c29d8 Range=bytes=15197500-16076114
28/Jul/2026:16:33:12.469495 8df45818 Range=bytes=16076115-16954008
28/Jul/2026:16:33:12.469545 3427b34d Range=bytes=16954009-17834397
28/Jul/2026:16:33:12.469595 49acee8c Range=bytes=17834398-18720246
28/Jul/2026:16:33:12.469644 0258ecf0 Range=bytes=18720247-19628755
28/Jul/2026:16:33:12.469696 8082137e Range=bytes=19628756-20533425
28/Jul/2026:16:33:12.469744 605f1748 Range=bytes=20533426-21427508
28/Jul/2026:16:33:12.469792 818d05f0 Range=bytes=21427509-22319446
28/Jul/2026:16:33:12.469838 ed832cea Range=bytes=22319447-23216624
28/Jul/2026:16:33:12.469884 bab1ae64 Range=bytes=23216625-24112482
28/Jul/2026:16:33:12.469930 de8515e7 Range=bytes=24112483-25007052
28/Jul/2026:16:33:12.469976 08e8ca18 Range=bytes=25007053-25868534
28/Jul/2026:16:33:12.470021 8b2ab831 Range=bytes=25868535-26740136
28/Jul/2026:16:33:12.470066 cd944359 Range=bytes=26740137-27618904
28/Jul/2026:16:33:12.470110 d7b357ea Range=bytes=27618905-28502198
28/Jul/2026:16:33:12.470157 d4ceb48e Range=bytes=28502199-29390793
28/Jul/2026:16:33:12.470203 29baad04 Range=bytes=29390794-30293808
28/Jul/2026:16:33:12.470250 57d92a01 Range=bytes=30293809-31197860
28/Jul/2026:16:33:12.470295 a4e944fa Range=bytes=31197861-32090385
28/Jul/2026:16:33:12.470342 fe0c30a3 Range=bytes=32090386-32984458
28/Jul/2026:16:33:12.470387 085c21d7 Range=bytes=32984459-33876257
28/Jul/2026:16:33:12.470430 77d2eab9 Range=bytes=33876258-34776766
28/Jul/2026:16:33:12.470477 28663410 Range=bytes=34776767-35665543
28/Jul/2026:16:33:12.470522 186ff932 Range=bytes=35665544-36541690
28/Jul/2026:16:33:12.470567 48bdcd45 Range=bytes=36541691-37412182
28/Jul/2026:16:33:12.470612 6219c3ff Range=bytes=37412183-38291905
28/Jul/2026:16:33:12.470659 f3ff74eb Range=bytes=38291906-39176371
28/Jul/2026:16:33:12.470704 1b2f44d7 Range=bytes=39176372-40067155
28/Jul/2026:16:33:12.470749 9848beeb Range=bytes=40067156-40967252
28/Jul/2026:16:33:12.470796 7af88b2a Range=bytes=40967253-41867079
28/Jul/2026:16:33:12.470840 95edbe9b Range=bytes=41867080-42764989
28/Jul/2026:16:33:12.470888 4b9b9a9d Range=bytes=42764990-43660600
28/Jul/2026:16:33:12.471034 aa7c3f0b Range=bytes=43660601-44550192
28/Jul/2026:16:33:12.471083 8ec362f0 Range=bytes=44550193-45445158
28/Jul/2026:16:33:12.471131 de8b97b6 Range=bytes=66762764-67658187
28/Jul/2026:16:33:12.471178 046b1dc6 Range=bytes=67658188-68540594
28/Jul/2026:16:33:12.471225 3009d37e Range=bytes=68540595-69410542
28/Jul/2026:16:33:12.471273 c6c82103 Range=bytes=69410543-70288571
28/Jul/2026:16:33:12.471321 6fdb51e3 Range=bytes=70288572-71179447
28/Jul/2026:16:33:12.471366 cd06fce0 Range=bytes=71179448-72063915
28/Jul/2026:16:33:12.471411 c844de99 Range=bytes=72063916-72966797
28/Jul/2026:16:33:12.471456 b7d30155 Range=bytes=72966798-73863593
28/Jul/2026:16:33:12.471501 60820e4a Range=bytes=73875066-74767678
Thread for range[306,355] completed | maxWorkers: 10| Latency: 0.0000s 
Thread for range[203,252] completed | maxWorkers: 10| Latency: 0.0000s 
Thread for range[254,303] completed | maxWorkers: 10| Latency: 0.0000s 
Thread for range[437,486] completed | maxWorkers: 10| Latency: 0.0000s 
Thread for range[141,190] completed | maxWorkers: 10| Latency: 0.0000s 
Thread for range[491,540] completed | maxWorkers: 10| Latency: 0.0000s 
Thread for range[559,608] completed | maxWorkers: 10| Latency: 0.0000s 
28/Jul/2026:16:33:12.707644 bab1ae64 Range=bytes=23216625-24112482 Recieved
28/Jul/2026:16:33:12.713792 8082137e Range=bytes=19628756-20533425 Recieved
28/Jul/2026:16:33:12.735339 bb2bbde0 Range=bytes=5393776-6271701 Recieved
28/Jul/2026:16:33:12.750452 085c21d7 Range=bytes=32984459-33876257 Recieved
28/Jul/2026:16:33:12.754576 c844de99 Range=bytes=72063916-72966797 Recieved
28/Jul/2026:16:33:12.762836 162c29d8 Range=bytes=15197500-16076114 Recieved
28/Jul/2026:16:33:12.765775 046b1dc6 Range=bytes=67658188-68540594 Recieved
28/Jul/2026:16:33:12.768721 66cc780c Range=bytes=4518706-5393775 Recieved
28/Jul/2026:16:33:12.769395 95edbe9b Range=bytes=41867080-42764989 Recieved
28/Jul/2026:16:33:12.777865 77d2eab9 Range=bytes=33876258-34776766 Recieved
28/Jul/2026:16:33:12.782700 5365fc31 Range=bytes=8949556-9857112 Recieved
28/Jul/2026:16:33:12.787356 8d3b2f64 Range=bytes=2737378-3638259 Recieved
28/Jul/2026:16:33:12.792955 7af88b2a Range=bytes=40967253-41867079 Recieved
28/Jul/2026:16:33:12.794434 4b9b9a9d Range=bytes=42764990-43660600 Recieved
28/Jul/2026:16:33:12.798895 da116f1e Range=bytes=3638260-4518705 Recieved
28/Jul/2026:16:33:12.799205 f3ff74eb Range=bytes=38291906-39176371 Recieved
28/Jul/2026:16:33:12.803835 57d92a01 Range=bytes=30293809-31197860 Recieved
28/Jul/2026:16:33:12.803955 3427b34d Range=bytes=16954009-17834397 Recieved
28/Jul/2026:16:33:12.811617 818d05f0 Range=bytes=21427509-22319446 Recieved
28/Jul/2026:16:33:12.827834 8ec362f0 Range=bytes=44550193-45445158 Recieved
28/Jul/2026:16:33:12.829221 3009d37e Range=bytes=68540595-69410542 Recieved
28/Jul/2026:16:33:12.829379 47362f92 Range=bytes=11634658-12539080 Recieved
28/Jul/2026:16:33:12.838194 8b2ab831 Range=bytes=25868535-26740136 Recieved
28/Jul/2026:16:33:12.870461 cd944359 Range=bytes=26740137-27618904 Recieved
28/Jul/2026:16:33:12.870775 08e8ca18 Range=bytes=25007053-25868534 Recieved
28/Jul/2026:16:33:12.877167 b7d30155 Range=bytes=72966798-73863593 Recieved
28/Jul/2026:16:33:12.879395 48bdcd45 Range=bytes=36541691-37412182 Recieved
28/Jul/2026:16:33:12.880276 28663410 Range=bytes=34776767-35665543 Recieved
28/Jul/2026:16:33:12.881127 60820e4a Range=bytes=73875066-74767678 Recieved
28/Jul/2026:16:33:12.918614 810d2bf7 Range=bytes=7153945-8045407 Recieved
28/Jul/2026:16:33:12.929577 0071be39 Range=bytes=8045408-8949555 Recieved
28/Jul/2026:16:33:12.932187 de8515e7 Range=bytes=24112483-25007052 Recieved
28/Jul/2026:16:33:12.932730 0d9088cd Range=bytes=10742665-11634657 Recieved
28/Jul/2026:16:33:12.942043 88cda233 Range=bytes=14314695-15197499 Recieved
28/Jul/2026:16:33:12.946208 8df45818 Range=bytes=16076115-16954008 Recieved
28/Jul/2026:16:33:12.949322 c6e829bc Range=bytes=13432778-14314694 Recieved
28/Jul/2026:16:33:12.960208 a8245218 Range=bytes=1853193-2737377 Recieved
28/Jul/2026:16:33:12.997099 9848beeb Range=bytes=40067156-40967252 Recieved
28/Jul/2026:16:33:13.000485 de8b97b6 Range=bytes=66762764-67658187 Recieved
28/Jul/2026:16:33:13.008584 ed832cea Range=bytes=22319447-23216624 Recieved
28/Jul/2026:16:33:13.022581 186ff932 Range=bytes=35665544-36541690 Recieved
28/Jul/2026:16:33:13.027276 c6c82103 Range=bytes=69410543-70288571 Recieved
28/Jul/2026:16:33:13.028454 d4ceb48e Range=bytes=28502199-29390793 Recieved
28/Jul/2026:16:33:13.032723 0258ecf0 Range=bytes=18720247-19628755 Recieved
28/Jul/2026:16:33:13.037888 6f46ffb5 Range=bytes=9857113-10742664 Recieved
28/Jul/2026:16:33:13.047841 1b2f44d7 Range=bytes=39176372-40067155 Recieved
28/Jul/2026:16:33:13.073073 519cf856 Range=bytes=6271702-7153944 Recieved
28/Jul/2026:16:33:13.074525 a4e944fa Range=bytes=31197861-32090385 Recieved
28/Jul/2026:16:33:13.159457 6219c3ff Range=bytes=37412183-38291905 Recieved
28/Jul/2026:16:33:13.160519 29baad04 Range=bytes=29390794-30293808 Recieved
28/Jul/2026:16:33:13.161067 6fdb51e3 Range=bytes=70288572-71179447 Recieved
28/Jul/2026:16:33:13.164487 605f1748 Range=bytes=20533426-21427508 Recieved
28/Jul/2026:16:33:13.164786 cd06fce0 Range=bytes=71179448-72063915 Recieved
28/Jul/2026:16:33:13.168617 d7b357ea Range=bytes=27618905-28502198 Recieved
28/Jul/2026:16:33:13.169468 49acee8c Range=bytes=17834398-18720246 Recieved
28/Jul/2026:16:33:13.178283 30bedbb8 Range=bytes=12539081-13432777 Recieved
28/Jul/2026:16:33:13.186934 fe0c30a3 Range=bytes=32090386-32984458 Recieved
28/Jul/2026:16:33:13.221215 aa7c3f0b Range=bytes=43660601-44550192 Recieved
Thread for range[75,124] completed | maxWorkers: 10| Latency: 0.7606s 
Thread for range[2,51] completed | maxWorkers: 10| Latency: 0.9837s 
28/Jul/2026:16:33:13.466041 a167d048 Range=bytes=1853193-2737377
28/Jul/2026:16:33:13.466321 90149084 Range=bytes=2737378-3638259
28/Jul/2026:16:33:13.466509 35833fb1 Range=bytes=3638260-4518705
Thread for range[372,421] completed | maxWorkers: 15| Latency: 0.0000s 
28/Jul/2026:16:33:13.466687 7470aba4 Range=bytes=4518706-5393775
28/Jul/2026:16:33:13.466839 8529bd50 Range=bytes=5393776-6271701
28/Jul/2026:16:33:13.466911 ac0cf468 Range=bytes=6271702-7153944
28/Jul/2026:16:33:13.466968 960d83ed Range=bytes=7153945-8045407
28/Jul/2026:16:33:13.467021 fcefbc04 Range=bytes=8045408-8949555
28/Jul/2026:16:33:13.467073 eda3c671 Range=bytes=8949556-9857112
28/Jul/2026:16:33:13.467125 2c78f040 Range=bytes=9857113-10742664
28/Jul/2026:16:33:13.467175 ca5d63d7 Range=bytes=10742665-11634657
28/Jul/2026:16:33:13.467224 aa8bf984 Range=bytes=11634658-12539080
28/Jul/2026:16:33:13.467275 65788006 Range=bytes=12539081-13432777
28/Jul/2026:16:33:13.467323 5c916041 Range=bytes=13432778-14314694
28/Jul/2026:16:33:13.467371 c3d6f07f Range=bytes=14314695-15197499
28/Jul/2026:16:33:13.467424 11bb67ae Range=bytes=15197500-16076114
28/Jul/2026:16:33:13.467563 31b78058 Range=bytes=16076115-16954008
28/Jul/2026:16:33:13.467617 9ae8c45f Range=bytes=16954009-17834397
28/Jul/2026:16:33:13.467667 849fd1f3 Range=bytes=17834398-18720246
28/Jul/2026:16:33:13.467718 0dbf7a1e Range=bytes=18720247-19628755
28/Jul/2026:16:33:13.467768 572ab840 Range=bytes=19628756-20533425
28/Jul/2026:16:33:13.467820 c118f929 Range=bytes=20533426-21427508
28/Jul/2026:16:33:13.467870 c527278c Range=bytes=21427509-22319446
28/Jul/2026:16:33:13.467918 7433241a Range=bytes=22319447-23216624
28/Jul/2026:16:33:13.467965 14f03066 Range=bytes=23216625-24112482
28/Jul/2026:16:33:13.468013 7509a144 Range=bytes=24112483-25007052
28/Jul/2026:16:33:13.468063 756ce8fe Range=bytes=25007053-25868534
28/Jul/2026:16:33:13.468110 39ccea6c Range=bytes=25868535-26740136
28/Jul/2026:16:33:13.468157 0a43ce3f Range=bytes=26740137-27618904
28/Jul/2026:16:33:13.468204 37fcf2cc Range=bytes=27618905-28502198
28/Jul/2026:16:33:13.468250 ccc2c64c Range=bytes=28502199-29390793
28/Jul/2026:16:33:13.468296 ccd5b5fc Range=bytes=29390794-30293808
28/Jul/2026:16:33:13.468340 5d700b6e Range=bytes=30293809-31197860
28/Jul/2026:16:33:13.468386 be1690df Range=bytes=31197861-32090385
28/Jul/2026:16:33:13.468432 a48e3ea5 Range=bytes=32090386-32984458
28/Jul/2026:16:33:13.468479 ec31e36c Range=bytes=32984459-33876257
28/Jul/2026:16:33:13.468526 e6e9ea13 Range=bytes=33876258-34776766
28/Jul/2026:16:33:13.468572 c767501a Range=bytes=34776767-35665543
28/Jul/2026:16:33:13.468619 dad2295c Range=bytes=35665544-36541690
28/Jul/2026:16:33:13.468665 ab84592f Range=bytes=36541691-37412182
28/Jul/2026:16:33:13.468713 e2e4b55d Range=bytes=37412183-38291905
28/Jul/2026:16:33:13.468758 219d4e25 Range=bytes=38291906-39176371
28/Jul/2026:16:33:13.468801 70c8e028 Range=bytes=39176372-40067155
28/Jul/2026:16:33:13.468846 715fd6fc Range=bytes=40067156-40967252
28/Jul/2026:16:33:13.468893 70f42018 Range=bytes=40967253-41867079
28/Jul/2026:16:33:13.468937 2be997e3 Range=bytes=41867080-42764989
28/Jul/2026:16:33:13.468981 5f8c7896 Range=bytes=42764990-43660600
28/Jul/2026:16:33:13.469026 58620d40 Range=bytes=43660601-44550192
28/Jul/2026:16:33:13.469071 e16b6f37 Range=bytes=44550193-45445158
28/Jul/2026:16:33:13.469264 698c93e1 Range=bytes=66762764-67658187
28/Jul/2026:16:33:13.469323 5f05f422 Range=bytes=67658188-68540594
28/Jul/2026:16:33:13.469371 a876cce3 Range=bytes=68540595-69410542
28/Jul/2026:16:33:13.469419 b7fdfd5c Range=bytes=69410543-70288571
28/Jul/2026:16:33:13.469466 e700770e Range=bytes=70288572-71179447
28/Jul/2026:16:33:13.469513 6172a58d Range=bytes=71179448-72063915
28/Jul/2026:16:33:13.469561 0b91c996 Range=bytes=72063916-72966797
28/Jul/2026:16:33:13.469614 263856f2 Range=bytes=72966798-73863593
28/Jul/2026:16:33:13.469660 0278bf6e Range=bytes=73875066-74767678
Thread for range[306,355] completed | maxWorkers: 15| Latency: 0.0000s 
Thread for range[203,252] completed | maxWorkers: 15| Latency: 0.0000s 
Thread for range[141,190] completed | maxWorkers: 15| Latency: 0.0000s 
Thread for range[254,303] completed | maxWorkers: 15| Latency: 0.0000s 
Thread for range[491,540] completed | maxWorkers: 15| Latency: 0.0000s 
Thread for range[437,486] completed | maxWorkers: 15| Latency: 0.0000s 
Thread for range[559,608] completed | maxWorkers: 15| Latency: 0.0000s 
28/Jul/2026:16:33:13.669688 e6e9ea13 Range=bytes=33876258-34776766 Recieved
28/Jul/2026:16:33:13.684188 7470aba4 Range=bytes=4518706-5393775 Recieved
28/Jul/2026:16:33:13.833566 7509a144 Range=bytes=24112483-25007052 Recieved
28/Jul/2026:16:33:13.834180 58620d40 Range=bytes=43660601-44550192 Recieved
28/Jul/2026:16:33:13.838798 c3d6f07f Range=bytes=14314695-15197499 Recieved
28/Jul/2026:16:33:13.843050 0278bf6e Range=bytes=73875066-74767678 Recieved
28/Jul/2026:16:33:13.845240 fcefbc04 Range=bytes=8045408-8949555 Recieved
28/Jul/2026:16:33:13.850426 e2e4b55d Range=bytes=37412183-38291905 Recieved
28/Jul/2026:16:33:13.853100 70f42018 Range=bytes=40967253-41867079 Recieved
28/Jul/2026:16:33:13.859812 eda3c671 Range=bytes=8949556-9857112 Recieved
28/Jul/2026:16:33:13.861221 e700770e Range=bytes=70288572-71179447 Recieved
28/Jul/2026:16:33:13.861396 263856f2 Range=bytes=72966798-73863593 Recieved
28/Jul/2026:16:33:13.874359 715fd6fc Range=bytes=40067156-40967252 Recieved
28/Jul/2026:16:33:13.878755 dad2295c Range=bytes=35665544-36541690 Recieved
28/Jul/2026:16:33:13.879389 e16b6f37 Range=bytes=44550193-45445158 Recieved
28/Jul/2026:16:33:13.896127 ccc2c64c Range=bytes=28502199-29390793 Recieved
28/Jul/2026:16:33:13.896689 14f03066 Range=bytes=23216625-24112482 Recieved
28/Jul/2026:16:33:13.953502 ca5d63d7 Range=bytes=10742665-11634657 Recieved
28/Jul/2026:16:33:13.962369 c118f929 Range=bytes=20533426-21427508 Recieved
28/Jul/2026:16:33:13.963075 0b91c996 Range=bytes=72063916-72966797 Recieved
28/Jul/2026:16:33:13.968599 90149084 Range=bytes=2737378-3638259 Recieved
28/Jul/2026:16:33:13.978963 5c916041 Range=bytes=13432778-14314694 Recieved
28/Jul/2026:16:33:13.979972 756ce8fe Range=bytes=25007053-25868534 Recieved
28/Jul/2026:16:33:13.982570 a167d048 Range=bytes=1853193-2737377 Recieved
28/Jul/2026:16:33:13.985487 698c93e1 Range=bytes=66762764-67658187 Recieved
28/Jul/2026:16:33:13.989823 960d83ed Range=bytes=7153945-8045407 Recieved
28/Jul/2026:16:33:13.992090 35833fb1 Range=bytes=3638260-4518705 Recieved
28/Jul/2026:16:33:13.995027 572ab840 Range=bytes=19628756-20533425 Recieved
28/Jul/2026:16:33:13.995725 37fcf2cc Range=bytes=27618905-28502198 Recieved
28/Jul/2026:16:33:13.997092 2c78f040 Range=bytes=9857113-10742664 Recieved
28/Jul/2026:16:33:13.999237 9ae8c45f Range=bytes=16954009-17834397 Recieved
28/Jul/2026:16:33:13.999571 ccd5b5fc Range=bytes=29390794-30293808 Recieved
28/Jul/2026:16:33:14.002805 8529bd50 Range=bytes=5393776-6271701 Recieved
28/Jul/2026:16:33:14.004049 849fd1f3 Range=bytes=17834398-18720246 Recieved
28/Jul/2026:16:33:14.006286 b7fdfd5c Range=bytes=69410543-70288571 Recieved
28/Jul/2026:16:33:14.006450 7433241a Range=bytes=22319447-23216624 Recieved
28/Jul/2026:16:33:14.007006 219d4e25 Range=bytes=38291906-39176371 Recieved
28/Jul/2026:16:33:14.007898 2be997e3 Range=bytes=41867080-42764989 Recieved
28/Jul/2026:16:33:14.010418 11bb67ae Range=bytes=15197500-16076114 Recieved
28/Jul/2026:16:33:14.012174 c527278c Range=bytes=21427509-22319446 Recieved
28/Jul/2026:16:33:14.014441 31b78058 Range=bytes=16076115-16954008 Recieved
28/Jul/2026:16:33:14.016340 6172a58d Range=bytes=71179448-72063915 Recieved
28/Jul/2026:16:33:14.017510 65788006 Range=bytes=12539081-13432777 Recieved
28/Jul/2026:16:33:14.017695 be1690df Range=bytes=31197861-32090385 Recieved
28/Jul/2026:16:33:14.021658 0dbf7a1e Range=bytes=18720247-19628755 Recieved
28/Jul/2026:16:33:14.025592 ac0cf468 Range=bytes=6271702-7153944 Recieved
28/Jul/2026:16:33:14.026232 ab84592f Range=bytes=36541691-37412182 Recieved
28/Jul/2026:16:33:14.027208 aa8bf984 Range=bytes=11634658-12539080 Recieved
28/Jul/2026:16:33:14.031819 0a43ce3f Range=bytes=26740137-27618904 Recieved
28/Jul/2026:16:33:14.041494 5f05f422 Range=bytes=67658188-68540594 Recieved
28/Jul/2026:16:33:14.041991 39ccea6c Range=bytes=25868535-26740136 Recieved
28/Jul/2026:16:33:14.042835 ec31e36c Range=bytes=32984459-33876257 Recieved
28/Jul/2026:16:33:14.046755 a48e3ea5 Range=bytes=32090386-32984458 Recieved
28/Jul/2026:16:33:14.058417 c767501a Range=bytes=34776767-35665543 Recieved
28/Jul/2026:16:33:14.064398 70c8e028 Range=bytes=39176372-40067155 Recieved
28/Jul/2026:16:33:14.134303 5f8c7896 Range=bytes=42764990-43660600 Recieved
28/Jul/2026:16:33:14.232183 a876cce3 Range=bytes=68540595-69410542 Recieved
Thread for range[75,124] completed | maxWorkers: 15| Latency: 0.8361s 
28/Jul/2026:16:33:14.392290 5d700b6e Range=bytes=30293809-31197860 Recieved
Thread for range[2,51] completed | maxWorkers: 15| Latency: 1.1621s 
Thread for range[306,355] completed | maxWorkers: 20| Latency: 0.0000s 
28/Jul/2026:16:33:14.630284 122e1ef3 Range=bytes=1853193-2737377
28/Jul/2026:16:33:14.630504 3ef33927 Range=bytes=2737378-3638259
28/Jul/2026:16:33:14.630595 1deee693 Range=bytes=3638260-4518705
28/Jul/2026:16:33:14.630669 8138d4b6 Range=bytes=4518706-5393775
28/Jul/2026:16:33:14.630724 2a7abbd5 Range=bytes=5393776-6271701
28/Jul/2026:16:33:14.630775 714735a3 Range=bytes=6271702-7153944
28/Jul/2026:16:33:14.630829 d18f36b1 Range=bytes=7153945-8045407
28/Jul/2026:16:33:14.630877 cb7b0250 Range=bytes=8045408-8949555
28/Jul/2026:16:33:14.630923 1868b23b Range=bytes=8949556-9857112
28/Jul/2026:16:33:14.630971 f8ffe1b3 Range=bytes=9857113-10742664
28/Jul/2026:16:33:14.631020 c06f4854 Range=bytes=10742665-11634657
28/Jul/2026:16:33:14.631070 2d4acf65 Range=bytes=11634658-12539080
28/Jul/2026:16:33:14.631116 bc14b074 Range=bytes=12539081-13432777
28/Jul/2026:16:33:14.631160 a23a3c57 Range=bytes=13432778-14314694
28/Jul/2026:16:33:14.631289 dde16ef2 Range=bytes=14314695-15197499
28/Jul/2026:16:33:14.631345 14618d59 Range=bytes=15197500-16076114
28/Jul/2026:16:33:14.631398 7a37d2b1 Range=bytes=16076115-16954008
28/Jul/2026:16:33:14.631445 b64cf1f2 Range=bytes=16954009-17834397
28/Jul/2026:16:33:14.631494 c287dead Range=bytes=17834398-18720246
28/Jul/2026:16:33:14.631539 d0ca46f1 Range=bytes=18720247-19628755
28/Jul/2026:16:33:14.631590 fc2fa36b Range=bytes=19628756-20533425
28/Jul/2026:16:33:14.631652 9b6870df Range=bytes=20533426-21427508
28/Jul/2026:16:33:14.631709 db194431 Range=bytes=21427509-22319446
28/Jul/2026:16:33:14.631757 09d1e75a Range=bytes=22319447-23216624
28/Jul/2026:16:33:14.631814 44498757 Range=bytes=23216625-24112482
28/Jul/2026:16:33:14.631862 19a5a307 Range=bytes=24112483-25007052
28/Jul/2026:16:33:14.631905 17f1ed14 Range=bytes=25007053-25868534
28/Jul/2026:16:33:14.631954 a46176b8 Range=bytes=25868535-26740136
28/Jul/2026:16:33:14.631997 f5c069f6 Range=bytes=26740137-27618904
28/Jul/2026:16:33:14.632040 af11602c Range=bytes=27618905-28502198
28/Jul/2026:16:33:14.632087 973323ec Range=bytes=28502199-29390793
28/Jul/2026:16:33:14.632136 fe81a6e9 Range=bytes=29390794-30293808
28/Jul/2026:16:33:14.632182 41876389 Range=bytes=30293809-31197860
28/Jul/2026:16:33:14.632225 b248bffd Range=bytes=31197861-32090385
28/Jul/2026:16:33:14.632270 abbea17d Range=bytes=32090386-32984458
28/Jul/2026:16:33:14.632313 e9e9aa6c Range=bytes=32984459-33876257
28/Jul/2026:16:33:14.632356 904c4e39 Range=bytes=33876258-34776766
28/Jul/2026:16:33:14.632398 d0811ec9 Range=bytes=34776767-35665543
28/Jul/2026:16:33:14.632442 a664bb29 Range=bytes=35665544-36541690
28/Jul/2026:16:33:14.632490 035bbc41 Range=bytes=36541691-37412182
28/Jul/2026:16:33:14.632535 87ba53cc Range=bytes=37412183-38291905
28/Jul/2026:16:33:14.632579 f704ac1a Range=bytes=38291906-39176371
28/Jul/2026:16:33:14.632622 c2ba818e Range=bytes=39176372-40067155
28/Jul/2026:16:33:14.632670 339eeb91 Range=bytes=40067156-40967252
28/Jul/2026:16:33:14.632715 9994920f Range=bytes=40967253-41867079
28/Jul/2026:16:33:14.632761 ca5d6a74 Range=bytes=41867080-42764989
28/Jul/2026:16:33:14.632805 7e006793 Range=bytes=42764990-43660600
28/Jul/2026:16:33:14.632977 4c2e152f Range=bytes=43660601-44550192
28/Jul/2026:16:33:14.633027 ad5bfe0d Range=bytes=44550193-45445158
28/Jul/2026:16:33:14.633075 8423d4d4 Range=bytes=66762764-67658187
28/Jul/2026:16:33:14.633122 e59efd87 Range=bytes=67658188-68540594
28/Jul/2026:16:33:14.633170 95f6b252 Range=bytes=68540595-69410542
28/Jul/2026:16:33:14.633219 9e789e8b Range=bytes=69410543-70288571
28/Jul/2026:16:33:14.633267 69eb3bf0 Range=bytes=70288572-71179447
28/Jul/2026:16:33:14.633313 138a97d3 Range=bytes=71179448-72063915
28/Jul/2026:16:33:14.633359 57c65722 Range=bytes=72063916-72966797
28/Jul/2026:16:33:14.633402 e4acb63d Range=bytes=72966798-73863593
28/Jul/2026:16:33:14.633447 109eb6d7 Range=bytes=73875066-74767678
Thread for range[437,486] completed | maxWorkers: 20| Latency: 0.0000s 
Thread for range[254,303] completed | maxWorkers: 20| Latency: 0.0000s 
Thread for range[141,190] completed | maxWorkers: 20| Latency: 0.0000s 
Thread for range[203,252] completed | maxWorkers: 20| Latency: 0.0000s 
Thread for range[372,421] completed | maxWorkers: 20| Latency: 0.0000s 
Thread for range[559,608] completed | maxWorkers: 20| Latency: 0.0000s 
Thread for range[491,540] completed | maxWorkers: 20| Latency: 0.0000s 
28/Jul/2026:16:33:14.954553 69eb3bf0 Range=bytes=70288572-71179447 Recieved
28/Jul/2026:16:33:14.961119 122e1ef3 Range=bytes=1853193-2737377 Recieved
28/Jul/2026:16:33:14.961327 f704ac1a Range=bytes=38291906-39176371 Recieved
28/Jul/2026:16:33:14.965886 87ba53cc Range=bytes=37412183-38291905 Recieved
28/Jul/2026:16:33:14.969430 e9e9aa6c Range=bytes=32984459-33876257 Recieved
28/Jul/2026:16:33:14.972351 44498757 Range=bytes=23216625-24112482 Recieved
28/Jul/2026:16:33:14.978263 d18f36b1 Range=bytes=7153945-8045407 Recieved
28/Jul/2026:16:33:14.987324 2a7abbd5 Range=bytes=5393776-6271701 Recieved
28/Jul/2026:16:33:14.992164 dde16ef2 Range=bytes=14314695-15197499 Recieved
28/Jul/2026:16:33:14.995771 a46176b8 Range=bytes=25868535-26740136 Recieved
28/Jul/2026:16:33:15.006330 a664bb29 Range=bytes=35665544-36541690 Recieved
28/Jul/2026:16:33:15.007180 e59efd87 Range=bytes=67658188-68540594 Recieved
28/Jul/2026:16:33:15.008144 41876389 Range=bytes=30293809-31197860 Recieved
28/Jul/2026:16:33:15.011443 d0ca46f1 Range=bytes=18720247-19628755 Recieved
28/Jul/2026:16:33:15.012514 8138d4b6 Range=bytes=4518706-5393775 Recieved
28/Jul/2026:16:33:15.017602 c287dead Range=bytes=17834398-18720246 Recieved
28/Jul/2026:16:33:15.020268 a23a3c57 Range=bytes=13432778-14314694 Recieved
28/Jul/2026:16:33:15.027454 57c65722 Range=bytes=72063916-72966797 Recieved
28/Jul/2026:16:33:15.028629 7e006793 Range=bytes=42764990-43660600 Recieved
28/Jul/2026:16:33:15.029168 b64cf1f2 Range=bytes=16954009-17834397 Recieved
28/Jul/2026:16:33:15.029272 af11602c Range=bytes=27618905-28502198 Recieved
28/Jul/2026:16:33:15.029497 d0811ec9 Range=bytes=34776767-35665543 Recieved
28/Jul/2026:16:33:15.032041 714735a3 Range=bytes=6271702-7153944 Recieved
28/Jul/2026:16:33:15.033013 c2ba818e Range=bytes=39176372-40067155 Recieved
28/Jul/2026:16:33:15.033228 4c2e152f Range=bytes=43660601-44550192 Recieved
28/Jul/2026:16:33:15.033408 b248bffd Range=bytes=31197861-32090385 Recieved
28/Jul/2026:16:33:15.040863 9994920f Range=bytes=40967253-41867079 Recieved
28/Jul/2026:16:33:15.041331 1deee693 Range=bytes=3638260-4518705 Recieved
28/Jul/2026:16:33:15.042577 f5c069f6 Range=bytes=26740137-27618904 Recieved
28/Jul/2026:16:33:15.045130 339eeb91 Range=bytes=40067156-40967252 Recieved
28/Jul/2026:16:33:15.045686 7a37d2b1 Range=bytes=16076115-16954008 Recieved
28/Jul/2026:16:33:15.046887 17f1ed14 Range=bytes=25007053-25868534 Recieved
28/Jul/2026:16:33:15.050015 138a97d3 Range=bytes=71179448-72063915 Recieved
28/Jul/2026:16:33:15.055059 09d1e75a Range=bytes=22319447-23216624 Recieved
28/Jul/2026:16:33:15.056297 109eb6d7 Range=bytes=73875066-74767678 Recieved
28/Jul/2026:16:33:15.059590 fc2fa36b Range=bytes=19628756-20533425 Recieved
28/Jul/2026:16:33:15.068313 19a5a307 Range=bytes=24112483-25007052 Recieved
28/Jul/2026:16:33:15.077806 bc14b074 Range=bytes=12539081-13432777 Recieved
28/Jul/2026:16:33:15.077960 db194431 Range=bytes=21427509-22319446 Recieved
28/Jul/2026:16:33:15.081394 973323ec Range=bytes=28502199-29390793 Recieved
28/Jul/2026:16:33:15.117926 fe81a6e9 Range=bytes=29390794-30293808 Recieved
28/Jul/2026:16:33:15.139532 cb7b0250 Range=bytes=8045408-8949555 Recieved
28/Jul/2026:16:33:15.144689 95f6b252 Range=bytes=68540595-69410542 Recieved
28/Jul/2026:16:33:15.146595 ad5bfe0d Range=bytes=44550193-45445158 Recieved
28/Jul/2026:16:33:15.149715 f8ffe1b3 Range=bytes=9857113-10742664 Recieved
28/Jul/2026:16:33:15.150619 3ef33927 Range=bytes=2737378-3638259 Recieved
28/Jul/2026:16:33:15.155704 035bbc41 Range=bytes=36541691-37412182 Recieved
28/Jul/2026:16:33:15.164137 14618d59 Range=bytes=15197500-16076114 Recieved
28/Jul/2026:16:33:15.173005 c06f4854 Range=bytes=10742665-11634657 Recieved
28/Jul/2026:16:33:15.183141 e4acb63d Range=bytes=72966798-73863593 Recieved
28/Jul/2026:16:33:15.184656 1868b23b Range=bytes=8949556-9857112 Recieved
28/Jul/2026:16:33:15.191297 2d4acf65 Range=bytes=11634658-12539080 Recieved
28/Jul/2026:16:33:15.194234 904c4e39 Range=bytes=33876258-34776766 Recieved
28/Jul/2026:16:33:15.209762 9e789e8b Range=bytes=69410543-70288571 Recieved
28/Jul/2026:16:33:15.230874 abbea17d Range=bytes=32090386-32984458 Recieved
28/Jul/2026:16:33:15.250356 9b6870df Range=bytes=20533426-21427508 Recieved
28/Jul/2026:16:33:15.325204 ca5d6a74 Range=bytes=41867080-42764989 Recieved
28/Jul/2026:16:33:15.327731 8423d4d4 Range=bytes=66762764-67658187 Recieved
Thread for range[75,124] completed | maxWorkers: 20| Latency: 0.7695s 
Thread for range[2,51] completed | maxWorkers: 20| Latency: 0.9587s 
28/Jul/2026:16:33:15.602162 36c5382e Range=bytes=1853193-2737377
Thread for range[203,252] completed | maxWorkers: 25| Latency: 0.0000s 
28/Jul/2026:16:33:15.602413 3107922f Range=bytes=2737378-3638259
28/Jul/2026:16:33:15.602510 c4961999 Range=bytes=3638260-4518705
28/Jul/2026:16:33:15.602578 29243f80 Range=bytes=4518706-5393775
28/Jul/2026:16:33:15.602636 127f6d2c Range=bytes=5393776-6271701
28/Jul/2026:16:33:15.602691 e8c2daa1 Range=bytes=6271702-7153944
28/Jul/2026:16:33:15.602742 077a1f50 Range=bytes=7153945-8045407
28/Jul/2026:16:33:15.602793 75b4b196 Range=bytes=8045408-8949555
28/Jul/2026:16:33:15.602843 71a5e4fb Range=bytes=8949556-9857112
28/Jul/2026:16:33:15.602892 1bc6a98d Range=bytes=9857113-10742664
28/Jul/2026:16:33:15.602940 04c1dd6c Range=bytes=10742665-11634657
28/Jul/2026:16:33:15.602990 b1330e68 Range=bytes=11634658-12539080
28/Jul/2026:16:33:15.603042 2106df96 Range=bytes=12539081-13432777
28/Jul/2026:16:33:15.603090 d6b5bc0d Range=bytes=13432778-14314694
28/Jul/2026:16:33:15.603228 2407b40e Range=bytes=14314695-15197499
28/Jul/2026:16:33:15.603286 0b44c15d Range=bytes=15197500-16076114
28/Jul/2026:16:33:15.603338 4b97ac19 Range=bytes=16076115-16954008
28/Jul/2026:16:33:15.603388 8b589b8a Range=bytes=16954009-17834397
28/Jul/2026:16:33:15.603437 28f88993 Range=bytes=17834398-18720246
28/Jul/2026:16:33:15.603486 a9068fb4 Range=bytes=18720247-19628755
28/Jul/2026:16:33:15.603533 dc68d3ba Range=bytes=19628756-20533425
28/Jul/2026:16:33:15.603584 cdfd1b77 Range=bytes=20533426-21427508
28/Jul/2026:16:33:15.603632 994f59e1 Range=bytes=21427509-22319446
28/Jul/2026:16:33:15.603680 bd986be7 Range=bytes=22319447-23216624
28/Jul/2026:16:33:15.603727 0712ad48 Range=bytes=23216625-24112482
28/Jul/2026:16:33:15.603773 ccf808bf Range=bytes=24112483-25007052
28/Jul/2026:16:33:15.603820 8b730216 Range=bytes=25007053-25868534
28/Jul/2026:16:33:15.603865 54ea6893 Range=bytes=25868535-26740136
28/Jul/2026:16:33:15.603911 0d50d831 Range=bytes=26740137-27618904
28/Jul/2026:16:33:15.603957 2aefbbf2 Range=bytes=27618905-28502198
28/Jul/2026:16:33:15.604003 10fe8fad Range=bytes=28502199-29390793
28/Jul/2026:16:33:15.604048 3aa8053a Range=bytes=29390794-30293808
28/Jul/2026:16:33:15.604095 13b552a2 Range=bytes=30293809-31197860
28/Jul/2026:16:33:15.604142 8514d1b1 Range=bytes=31197861-32090385
28/Jul/2026:16:33:15.604188 aebefae1 Range=bytes=32090386-32984458
28/Jul/2026:16:33:15.604234 a298e1e6 Range=bytes=32984459-33876257
28/Jul/2026:16:33:15.604279 3ee6ec6e Range=bytes=33876258-34776766
28/Jul/2026:16:33:15.604325 8b640793 Range=bytes=34776767-35665543
28/Jul/2026:16:33:15.604370 45dc78ae Range=bytes=35665544-36541690
28/Jul/2026:16:33:15.604418 a2998ad7 Range=bytes=36541691-37412182
28/Jul/2026:16:33:15.604467 2b862973 Range=bytes=37412183-38291905
28/Jul/2026:16:33:15.604513 33db7f51 Range=bytes=38291906-39176371
28/Jul/2026:16:33:15.604560 18a7ffa3 Range=bytes=39176372-40067155
28/Jul/2026:16:33:15.604607 3f077a44 Range=bytes=40067156-40967252
28/Jul/2026:16:33:15.604653 4e555333 Range=bytes=40967253-41867079
28/Jul/2026:16:33:15.604699 af366d2d Range=bytes=41867080-42764989
28/Jul/2026:16:33:15.604744 5ab53bac Range=bytes=42764990-43660600
28/Jul/2026:16:33:15.604900 49dcfa06 Range=bytes=43660601-44550192
28/Jul/2026:16:33:15.604951 3e7f6bbc Range=bytes=44550193-45445158
28/Jul/2026:16:33:15.605000 e6184beb Range=bytes=66762764-67658187
28/Jul/2026:16:33:15.605048 6527043f Range=bytes=67658188-68540594
28/Jul/2026:16:33:15.605098 bffa4ba5 Range=bytes=68540595-69410542
28/Jul/2026:16:33:15.605151 29d1aed5 Range=bytes=69410543-70288571
28/Jul/2026:16:33:15.605198 0d9fcb8a Range=bytes=70288572-71179447
28/Jul/2026:16:33:15.605244 664ec3c6 Range=bytes=71179448-72063915
28/Jul/2026:16:33:15.605288 14f52fa8 Range=bytes=72063916-72966797
28/Jul/2026:16:33:15.605333 0fb6a690 Range=bytes=72966798-73863593
28/Jul/2026:16:33:15.605378 953ae659 Range=bytes=73875066-74767678
Thread for range[254,303] completed | maxWorkers: 25| Latency: 0.0000s 
Thread for range[141,190] completed | maxWorkers: 25| Latency: 0.0000s 
Thread for range[437,486] completed | maxWorkers: 25| Latency: 0.0000s 
Thread for range[306,355] completed | maxWorkers: 25| Latency: 0.0000s 
Thread for range[372,421] completed | maxWorkers: 25| Latency: 0.0000s 
Thread for range[491,540] completed | maxWorkers: 25| Latency: 0.0000s 
Thread for range[559,608] completed | maxWorkers: 25| Latency: 0.0000s 
28/Jul/2026:16:33:15.761793 29243f80 Range=bytes=4518706-5393775 Recieved
28/Jul/2026:16:33:15.768029 bd986be7 Range=bytes=22319447-23216624 Recieved
28/Jul/2026:16:33:15.793580 953ae659 Range=bytes=73875066-74767678 Recieved
28/Jul/2026:16:33:15.808978 aebefae1 Range=bytes=32090386-32984458 Recieved
28/Jul/2026:16:33:15.937572 e8c2daa1 Range=bytes=6271702-7153944 Recieved
28/Jul/2026:16:33:15.953913 127f6d2c Range=bytes=5393776-6271701 Recieved
28/Jul/2026:16:33:15.956636 18a7ffa3 Range=bytes=39176372-40067155 Recieved
28/Jul/2026:16:33:15.958539 2b862973 Range=bytes=37412183-38291905 Recieved
28/Jul/2026:16:33:15.979506 10fe8fad Range=bytes=28502199-29390793 Recieved
28/Jul/2026:16:33:15.986577 2407b40e Range=bytes=14314695-15197499 Recieved
28/Jul/2026:16:33:15.992825 33db7f51 Range=bytes=38291906-39176371 Recieved
28/Jul/2026:16:33:15.995903 3e7f6bbc Range=bytes=44550193-45445158 Recieved
28/Jul/2026:16:33:15.997784 5ab53bac Range=bytes=42764990-43660600 Recieved
28/Jul/2026:16:33:16.000422 0b44c15d Range=bytes=15197500-16076114 Recieved
28/Jul/2026:16:33:16.003876 14f52fa8 Range=bytes=72063916-72966797 Recieved
28/Jul/2026:16:33:16.003981 29d1aed5 Range=bytes=69410543-70288571 Recieved
28/Jul/2026:16:33:16.006089 b1330e68 Range=bytes=11634658-12539080 Recieved
28/Jul/2026:16:33:16.009562 36c5382e Range=bytes=1853193-2737377 Recieved
28/Jul/2026:16:33:16.013176 13b552a2 Range=bytes=30293809-31197860 Recieved
28/Jul/2026:16:33:16.014542 a2998ad7 Range=bytes=36541691-37412182 Recieved
28/Jul/2026:16:33:16.016493 3ee6ec6e Range=bytes=33876258-34776766 Recieved
28/Jul/2026:16:33:16.018258 a9068fb4 Range=bytes=18720247-19628755 Recieved
28/Jul/2026:16:33:16.019308 0d9fcb8a Range=bytes=70288572-71179447 Recieved
28/Jul/2026:16:33:16.022709 04c1dd6c Range=bytes=10742665-11634657 Recieved
28/Jul/2026:16:33:16.023591 8b589b8a Range=bytes=16954009-17834397 Recieved
28/Jul/2026:16:33:16.027402 45dc78ae Range=bytes=35665544-36541690 Recieved
28/Jul/2026:16:33:16.027896 71a5e4fb Range=bytes=8949556-9857112 Recieved
28/Jul/2026:16:33:16.029462 1bc6a98d Range=bytes=9857113-10742664 Recieved
28/Jul/2026:16:33:16.030333 a298e1e6 Range=bytes=32984459-33876257 Recieved
28/Jul/2026:16:33:16.034060 3f077a44 Range=bytes=40067156-40967252 Recieved
28/Jul/2026:16:33:16.040003 8b730216 Range=bytes=25007053-25868534 Recieved
28/Jul/2026:16:33:16.044961 af366d2d Range=bytes=41867080-42764989 Recieved
28/Jul/2026:16:33:16.045472 3aa8053a Range=bytes=29390794-30293808 Recieved
28/Jul/2026:16:33:16.054773 28f88993 Range=bytes=17834398-18720246 Recieved
28/Jul/2026:16:33:16.057001 75b4b196 Range=bytes=8045408-8949555 Recieved
28/Jul/2026:16:33:16.059138 8b640793 Range=bytes=34776767-35665543 Recieved
28/Jul/2026:16:33:16.065014 bffa4ba5 Range=bytes=68540595-69410542 Recieved
28/Jul/2026:16:33:16.066672 4b97ac19 Range=bytes=16076115-16954008 Recieved
28/Jul/2026:16:33:16.074302 c4961999 Range=bytes=3638260-4518705 Recieved
28/Jul/2026:16:33:16.080503 e6184beb Range=bytes=66762764-67658187 Recieved
28/Jul/2026:16:33:16.087110 077a1f50 Range=bytes=7153945-8045407 Recieved
28/Jul/2026:16:33:16.091594 49dcfa06 Range=bytes=43660601-44550192 Recieved
28/Jul/2026:16:33:16.094311 6527043f Range=bytes=67658188-68540594 Recieved
28/Jul/2026:16:33:16.107714 cdfd1b77 Range=bytes=20533426-21427508 Recieved
28/Jul/2026:16:33:16.129694 ccf808bf Range=bytes=24112483-25007052 Recieved
28/Jul/2026:16:33:16.194143 8514d1b1 Range=bytes=31197861-32090385 Recieved
28/Jul/2026:16:33:16.228337 d6b5bc0d Range=bytes=13432778-14314694 Recieved
28/Jul/2026:16:33:16.275499 664ec3c6 Range=bytes=71179448-72063915 Recieved
28/Jul/2026:16:33:16.323149 4e555333 Range=bytes=40967253-41867079 Recieved
28/Jul/2026:16:33:16.339813 994f59e1 Range=bytes=21427509-22319446 Recieved
28/Jul/2026:16:33:16.459501 3107922f Range=bytes=2737378-3638259 Recieved
28/Jul/2026:16:33:16.479864 54ea6893 Range=bytes=25868535-26740136 Recieved
28/Jul/2026:16:33:16.517778 2106df96 Range=bytes=12539081-13432777 Recieved
28/Jul/2026:16:33:16.520621 2aefbbf2 Range=bytes=27618905-28502198 Recieved
28/Jul/2026:16:33:16.525188 0fb6a690 Range=bytes=72966798-73863593 Recieved
28/Jul/2026:16:33:16.538935 dc68d3ba Range=bytes=19628756-20533425 Recieved
28/Jul/2026:16:33:16.549941 0d50d831 Range=bytes=26740137-27618904 Recieved
28/Jul/2026:16:33:16.560986 0712ad48 Range=bytes=23216625-24112482 Recieved
Thread for range[75,124] completed | maxWorkers: 25| Latency: 1.0022s 
Thread for range[2,51] completed | maxWorkers: 25| Latency: 1.2082s 
28/Jul/2026:16:33:16.811909 e2a3f30e Range=bytes=1853193-2737377
Thread for range[141,190] completed | maxWorkers: 30| Latency: 0.0000s 
28/Jul/2026:16:33:16.812160 9972c85f Range=bytes=2737378-3638259
28/Jul/2026:16:33:16.812249 2fc12785 Range=bytes=3638260-4518705
28/Jul/2026:16:33:16.812312 fc074503 Range=bytes=4518706-5393775
28/Jul/2026:16:33:16.812371 0a526829 Range=bytes=5393776-6271701
28/Jul/2026:16:33:16.812424 255d9041 Range=bytes=6271702-7153944
28/Jul/2026:16:33:16.812473 d0aa4eb1 Range=bytes=7153945-8045407
28/Jul/2026:16:33:16.812522 21067a75 Range=bytes=8045408-8949555
28/Jul/2026:16:33:16.812573 3f5fc476 Range=bytes=8949556-9857112
28/Jul/2026:16:33:16.812621 a75cb35b Range=bytes=9857113-10742664
28/Jul/2026:16:33:16.812668 524f59b5 Range=bytes=10742665-11634657
28/Jul/2026:16:33:16.812716 998d8107 Range=bytes=11634658-12539080
28/Jul/2026:16:33:16.812769 f090f454 Range=bytes=12539081-13432777
28/Jul/2026:16:33:16.812815 7078b0c0 Range=bytes=13432778-14314694
28/Jul/2026:16:33:16.812945 09f80dcb Range=bytes=14314695-15197499
28/Jul/2026:16:33:16.813001 58f78c62 Range=bytes=15197500-16076114
28/Jul/2026:16:33:16.813052 87b3b9a2 Range=bytes=16076115-16954008
28/Jul/2026:16:33:16.813100 15208e9f Range=bytes=16954009-17834397
28/Jul/2026:16:33:16.813148 e216ecd1 Range=bytes=17834398-18720246
28/Jul/2026:16:33:16.813201 a075a9e1 Range=bytes=18720247-19628755
28/Jul/2026:16:33:16.813247 6fc91d62 Range=bytes=19628756-20533425
28/Jul/2026:16:33:16.813292 12309915 Range=bytes=20533426-21427508
28/Jul/2026:16:33:16.813337 312de6d1 Range=bytes=21427509-22319446
28/Jul/2026:16:33:16.813382 43701969 Range=bytes=22319447-23216624
28/Jul/2026:16:33:16.813428 b53a6948 Range=bytes=23216625-24112482
28/Jul/2026:16:33:16.813476 047f097d Range=bytes=24112483-25007052
28/Jul/2026:16:33:16.813521 6b14eed8 Range=bytes=25007053-25868534
28/Jul/2026:16:33:16.813569 1f6eb910 Range=bytes=25868535-26740136
28/Jul/2026:16:33:16.813613 5c5280b3 Range=bytes=26740137-27618904
28/Jul/2026:16:33:16.813658 8844bdde Range=bytes=27618905-28502198
28/Jul/2026:16:33:16.813703 bde5964a Range=bytes=28502199-29390793
28/Jul/2026:16:33:16.813745 b44b11b5 Range=bytes=29390794-30293808
28/Jul/2026:16:33:16.813789 35d97ce8 Range=bytes=30293809-31197860
28/Jul/2026:16:33:16.813835 fea7e1bb Range=bytes=31197861-32090385
28/Jul/2026:16:33:16.813878 43cb3d20 Range=bytes=32090386-32984458
28/Jul/2026:16:33:16.813922 3418ecfe Range=bytes=32984459-33876257
28/Jul/2026:16:33:16.813965 6dac281a Range=bytes=33876258-34776766
28/Jul/2026:16:33:16.814009 dd4811e5 Range=bytes=34776767-35665543
28/Jul/2026:16:33:16.814054 658d0822 Range=bytes=35665544-36541690
28/Jul/2026:16:33:16.814099 d4b7f023 Range=bytes=36541691-37412182
28/Jul/2026:16:33:16.814141 064e4952 Range=bytes=37412183-38291905
28/Jul/2026:16:33:16.814191 b781a264 Range=bytes=38291906-39176371
28/Jul/2026:16:33:16.814233 59782828 Range=bytes=39176372-40067155
28/Jul/2026:16:33:16.814277 378f0dd4 Range=bytes=40067156-40967252
28/Jul/2026:16:33:16.814322 76ef1437 Range=bytes=40967253-41867079
28/Jul/2026:16:33:16.814366 407cca9c Range=bytes=41867080-42764989
28/Jul/2026:16:33:16.814409 e969e3ad Range=bytes=42764990-43660600
28/Jul/2026:16:33:16.814558 76c7c5b8 Range=bytes=43660601-44550192
28/Jul/2026:16:33:16.814608 d5167559 Range=bytes=44550193-45445158
28/Jul/2026:16:33:16.814654 efa55cbd Range=bytes=66762764-67658187
28/Jul/2026:16:33:16.814700 1e99ee58 Range=bytes=67658188-68540594
28/Jul/2026:16:33:16.814746 d5fbafb5 Range=bytes=68540595-69410542
28/Jul/2026:16:33:16.814793 cd9b9ab0 Range=bytes=69410543-70288571
28/Jul/2026:16:33:16.814840 fd51b1f4 Range=bytes=70288572-71179447
28/Jul/2026:16:33:16.814883 a19591de Range=bytes=71179448-72063915
28/Jul/2026:16:33:16.814927 67336533 Range=bytes=72063916-72966797
28/Jul/2026:16:33:16.814974 3505711b Range=bytes=72966798-73863593
28/Jul/2026:16:33:16.815020 935b97b5 Range=bytes=73875066-74767678
Thread for range[254,303] completed | maxWorkers: 30| Latency: 0.0000s 
Thread for range[203,252] completed | maxWorkers: 30| Latency: 0.0000s 
Thread for range[306,355] completed | maxWorkers: 30| Latency: 0.0000s 
Thread for range[437,486] completed | maxWorkers: 30| Latency: 0.0000s 
Thread for range[372,421] completed | maxWorkers: 30| Latency: 0.0000s 
Thread for range[491,540] completed | maxWorkers: 30| Latency: 0.0000s 
Thread for range[559,608] completed | maxWorkers: 30| Latency: 0.0000s 
28/Jul/2026:16:33:16.987872 064e4952 Range=bytes=37412183-38291905 Recieved
28/Jul/2026:16:33:16.991077 15208e9f Range=bytes=16954009-17834397 Recieved
28/Jul/2026:16:33:17.001808 7078b0c0 Range=bytes=13432778-14314694 Recieved
28/Jul/2026:16:33:17.037831 87b3b9a2 Range=bytes=16076115-16954008 Recieved
28/Jul/2026:16:33:17.164420 d5fbafb5 Range=bytes=68540595-69410542 Recieved
28/Jul/2026:16:33:17.173483 378f0dd4 Range=bytes=40067156-40967252 Recieved
28/Jul/2026:16:33:17.182096 21067a75 Range=bytes=8045408-8949555 Recieved
28/Jul/2026:16:33:17.183412 524f59b5 Range=bytes=10742665-11634657 Recieved
28/Jul/2026:16:33:17.183703 1f6eb910 Range=bytes=25868535-26740136 Recieved
28/Jul/2026:16:33:17.193442 a19591de Range=bytes=71179448-72063915 Recieved
28/Jul/2026:16:33:17.205976 1e99ee58 Range=bytes=67658188-68540594 Recieved
28/Jul/2026:16:33:17.236955 047f097d Range=bytes=24112483-25007052 Recieved
28/Jul/2026:16:33:17.274725 fc074503 Range=bytes=4518706-5393775 Recieved
28/Jul/2026:16:33:17.294071 8844bdde Range=bytes=27618905-28502198 Recieved
28/Jul/2026:16:33:17.295415 6b14eed8 Range=bytes=25007053-25868534 Recieved
28/Jul/2026:16:33:17.301516 407cca9c Range=bytes=41867080-42764989 Recieved
28/Jul/2026:16:33:17.305801 3505711b Range=bytes=72966798-73863593 Recieved
28/Jul/2026:16:33:17.306322 cd9b9ab0 Range=bytes=69410543-70288571 Recieved
28/Jul/2026:16:33:17.310110 a075a9e1 Range=bytes=18720247-19628755 Recieved
28/Jul/2026:16:33:17.312562 0a526829 Range=bytes=5393776-6271701 Recieved
28/Jul/2026:16:33:17.313246 312de6d1 Range=bytes=21427509-22319446 Recieved
28/Jul/2026:16:33:17.318753 e2a3f30e Range=bytes=1853193-2737377 Recieved
28/Jul/2026:16:33:17.321723 e969e3ad Range=bytes=42764990-43660600 Recieved
28/Jul/2026:16:33:17.322398 3f5fc476 Range=bytes=8949556-9857112 Recieved
28/Jul/2026:16:33:17.324652 9972c85f Range=bytes=2737378-3638259 Recieved
28/Jul/2026:16:33:17.326036 67336533 Range=bytes=72063916-72966797 Recieved
28/Jul/2026:16:33:17.328582 d4b7f023 Range=bytes=36541691-37412182 Recieved
28/Jul/2026:16:33:17.328718 6dac281a Range=bytes=33876258-34776766 Recieved
28/Jul/2026:16:33:17.332768 5c5280b3 Range=bytes=26740137-27618904 Recieved
28/Jul/2026:16:33:17.335325 255d9041 Range=bytes=6271702-7153944 Recieved
28/Jul/2026:16:33:17.336197 b53a6948 Range=bytes=23216625-24112482 Recieved
28/Jul/2026:16:33:17.338112 dd4811e5 Range=bytes=34776767-35665543 Recieved
28/Jul/2026:16:33:17.339183 998d8107 Range=bytes=11634658-12539080 Recieved
28/Jul/2026:16:33:17.344348 efa55cbd Range=bytes=66762764-67658187 Recieved
28/Jul/2026:16:33:17.349730 e216ecd1 Range=bytes=17834398-18720246 Recieved
28/Jul/2026:16:33:17.349919 fd51b1f4 Range=bytes=70288572-71179447 Recieved
28/Jul/2026:16:33:17.350064 f090f454 Range=bytes=12539081-13432777 Recieved
28/Jul/2026:16:33:17.350252 76ef1437 Range=bytes=40967253-41867079 Recieved
28/Jul/2026:16:33:17.350659 58f78c62 Range=bytes=15197500-16076114 Recieved
28/Jul/2026:16:33:17.352274 59782828 Range=bytes=39176372-40067155 Recieved
28/Jul/2026:16:33:17.352387 b44b11b5 Range=bytes=29390794-30293808 Recieved
28/Jul/2026:16:33:17.353294 935b97b5 Range=bytes=73875066-74767678 Recieved
28/Jul/2026:16:33:17.354418 12309915 Range=bytes=20533426-21427508 Recieved
28/Jul/2026:16:33:17.355200 b781a264 Range=bytes=38291906-39176371 Recieved
28/Jul/2026:16:33:17.357196 d0aa4eb1 Range=bytes=7153945-8045407 Recieved
28/Jul/2026:16:33:17.358004 43701969 Range=bytes=22319447-23216624 Recieved
28/Jul/2026:16:33:17.359971 43cb3d20 Range=bytes=32090386-32984458 Recieved
28/Jul/2026:16:33:17.360750 fea7e1bb Range=bytes=31197861-32090385 Recieved
28/Jul/2026:16:33:17.361854 2fc12785 Range=bytes=3638260-4518705 Recieved
28/Jul/2026:16:33:17.365982 35d97ce8 Range=bytes=30293809-31197860 Recieved
28/Jul/2026:16:33:17.368628 d5167559 Range=bytes=44550193-45445158 Recieved
28/Jul/2026:16:33:17.381883 6fc91d62 Range=bytes=19628756-20533425 Recieved
28/Jul/2026:16:33:17.387826 bde5964a Range=bytes=28502199-29390793 Recieved
Thread for range[75,124] completed | maxWorkers: 30| Latency: 0.5877s 
28/Jul/2026:16:33:17.470709 a75cb35b Range=bytes=9857113-10742664 Recieved
28/Jul/2026:16:33:17.548781 76c7c5b8 Range=bytes=43660601-44550192 Recieved
28/Jul/2026:16:33:17.707841 3418ecfe Range=bytes=32984459-33876257 Recieved
28/Jul/2026:16:33:17.719834 658d0822 Range=bytes=35665544-36541690 Recieved
28/Jul/2026:16:33:17.746787 09f80dcb Range=bytes=14314695-15197499 Recieved
Thread for range[2,51] completed | maxWorkers: 30| Latency: 1.1978s 
