--- Running Test on CEDA ---
Dataset reference established: https://esgf.ceda.ac.uk/thredds/fileServer/esg_cmip6/CMIP6/CMIP/MOHC/UKESM1-1-LL/piControl/r1i1p1f2/Amon/ta/gn/latest/ta_Amon_UKESM1-1-LL_piControl_r1i1p1f2_gn_274301-274912.nc
28/Jul/2026:16:32:35.962817 676a572c Range=bytes=9857113-10742664
28/Jul/2026:16:32:35.963196 fc333bce Range=bytes=10742665-11634657
28/Jul/2026:16:32:35.964351 4bb59e8a Range=bytes=11634658-12539080
28/Jul/2026:16:32:35.964956 5c648f8b Range=bytes=12539081-13432777
28/Jul/2026:16:32:35.965458 80b44d1d Range=bytes=13432778-14314694
28/Jul/2026:16:32:35.965932 b81007f7 Range=bytes=14314695-15197499
28/Jul/2026:16:32:35.966483 8d450397 Range=bytes=15197500-16076114
28/Jul/2026:16:32:35.967090 62c77055 Range=bytes=16076115-16954008
28/Jul/2026:16:32:35.967652 174b1565 Range=bytes=16954009-17834397
28/Jul/2026:16:32:35.968160 9da7ab8c Range=bytes=17834398-18720246
28/Jul/2026:16:32:35.968647 9f2b37ec Range=bytes=18720247-19628755
28/Jul/2026:16:32:35.969173 9c042609 Range=bytes=19628756-20533425
28/Jul/2026:16:32:35.969704 043b763a Range=bytes=20533426-21427508
28/Jul/2026:16:32:35.970203 3ba857e6 Range=bytes=21427509-22319446
28/Jul/2026:16:32:35.970746 4b0c8cb8 Range=bytes=22319447-23216624
28/Jul/2026:16:32:35.971246 8f388a21 Range=bytes=23216625-24112482
28/Jul/2026:16:32:35.971814 b32fd5f2 Range=bytes=24112483-25007052
28/Jul/2026:16:32:35.972326 3cb4a124 Range=bytes=25007053-25868534
28/Jul/2026:16:32:35.972849 46396fd2 Range=bytes=25868535-26740136
28/Jul/2026:16:32:35.980630 676a572c Range=bytes=9857113-10742664 Recieved
28/Jul/2026:16:32:36.070654 fc333bce Range=bytes=10742665-11634657 Recieved
28/Jul/2026:16:32:36.077638 3ba857e6 Range=bytes=21427509-22319446 Recieved
28/Jul/2026:16:32:36.079255 8d450397 Range=bytes=15197500-16076114 Recieved
28/Jul/2026:16:32:36.085987 80b44d1d Range=bytes=13432778-14314694 Recieved
28/Jul/2026:16:32:36.088261 b81007f7 Range=bytes=14314695-15197499 Recieved
28/Jul/2026:16:32:36.103534 4bb59e8a Range=bytes=11634658-12539080 Recieved
28/Jul/2026:16:32:36.107789 9c042609 Range=bytes=19628756-20533425 Recieved
28/Jul/2026:16:32:36.107885 3cb4a124 Range=bytes=25007053-25868534 Recieved
28/Jul/2026:16:32:36.108967 b32fd5f2 Range=bytes=24112483-25007052 Recieved
28/Jul/2026:16:32:36.109433 9f2b37ec Range=bytes=18720247-19628755 Recieved
28/Jul/2026:16:32:36.113382 174b1565 Range=bytes=16954009-17834397 Recieved
28/Jul/2026:16:32:36.120388 4b0c8cb8 Range=bytes=22319447-23216624 Recieved
28/Jul/2026:16:32:36.128753 8f388a21 Range=bytes=23216625-24112482 Recieved
28/Jul/2026:16:32:36.130672 5c648f8b Range=bytes=12539081-13432777 Recieved
28/Jul/2026:16:32:36.151148 043b763a Range=bytes=20533426-21427508 Recieved
28/Jul/2026:16:32:36.152746 9da7ab8c Range=bytes=17834398-18720246 Recieved
28/Jul/2026:16:32:36.156626 46396fd2 Range=bytes=25868535-26740136 Recieved
28/Jul/2026:16:32:36.177367 62c77055 Range=bytes=16076115-16954008 Recieved
Thread for range[11,30] completed | maxWorkers: 1| Latency: 0.3131s 
Thread for range[168,187] completed | maxWorkers: 1| Latency: 0.0001s 
Thread for range[206,225] completed | maxWorkers: 1| Latency: 0.0000s 
Thread for range[268,287] completed | maxWorkers: 1| Latency: 0.0000s 
Thread for range[347,366] completed | maxWorkers: 1| Latency: 0.0000s 
Thread for range[416,435] completed | maxWorkers: 1| Latency: 0.0000s 
Thread for range[488,507] completed | maxWorkers: 1| Latency: 0.0000s 
Thread for range[520,539] completed | maxWorkers: 1| Latency: 0.0000s 
Thread for range[553,572] completed | maxWorkers: 1| Latency: 0.0000s 
Thread for range[587,606] completed | maxWorkers: 1| Latency: 0.0000s 
Thread for range[168,187] completed | maxWorkers: 2| Latency: 0.0000s 
28/Jul/2026:16:32:36.311612 9eaddea3 Range=bytes=9857113-10742664
28/Jul/2026:16:32:36.311813 83a0a394 Range=bytes=10742665-11634657
28/Jul/2026:16:32:36.311902 6b643c73 Range=bytes=11634658-12539080
28/Jul/2026:16:32:36.311972 84b7a9f1 Range=bytes=12539081-13432777
28/Jul/2026:16:32:36.312041 cbfb1430 Range=bytes=13432778-14314694
28/Jul/2026:16:32:36.312104 52e77212 Range=bytes=14314695-15197499
28/Jul/2026:16:32:36.312164 3fd5ab5a Range=bytes=15197500-16076114
28/Jul/2026:16:32:36.312221 abb1959f Range=bytes=16076115-16954008
28/Jul/2026:16:32:36.312281 1faf0daa Range=bytes=16954009-17834397
28/Jul/2026:16:32:36.312343 a7f420b1 Range=bytes=17834398-18720246
28/Jul/2026:16:32:36.312400 8bd3cd61 Range=bytes=18720247-19628755
28/Jul/2026:16:32:36.312462 60f9e240 Range=bytes=19628756-20533425
28/Jul/2026:16:32:36.312520 b93f0581 Range=bytes=20533426-21427508
28/Jul/2026:16:32:36.312575 fec1771e Range=bytes=21427509-22319446
28/Jul/2026:16:32:36.312628 7d47e0e8 Range=bytes=22319447-23216624
28/Jul/2026:16:32:36.312687 83b6bef0 Range=bytes=23216625-24112482
28/Jul/2026:16:32:36.312742 96d03e71 Range=bytes=24112483-25007052
28/Jul/2026:16:32:36.312795 9bb00e14 Range=bytes=25007053-25868534
28/Jul/2026:16:32:36.312855 c40d60df Range=bytes=25868535-26740136
Thread for range[206,225] completed | maxWorkers: 2| Latency: 0.0000s 
Thread for range[268,287] completed | maxWorkers: 2| Latency: 0.0000s 
Thread for range[347,366] completed | maxWorkers: 2| Latency: 0.0000s 
Thread for range[416,435] completed | maxWorkers: 2| Latency: 0.0000s 
Thread for range[488,507] completed | maxWorkers: 2| Latency: 0.0000s 
Thread for range[520,539] completed | maxWorkers: 2| Latency: 0.0000s 
Thread for range[553,572] completed | maxWorkers: 2| Latency: 0.0000s 
Thread for range[587,606] completed | maxWorkers: 2| Latency: 0.0000s 
28/Jul/2026:16:32:36.743050 9eaddea3 Range=bytes=9857113-10742664 Recieved
28/Jul/2026:16:32:36.758233 6b643c73 Range=bytes=11634658-12539080 Recieved
28/Jul/2026:16:32:36.777128 cbfb1430 Range=bytes=13432778-14314694 Recieved
28/Jul/2026:16:32:36.808804 a7f420b1 Range=bytes=17834398-18720246 Recieved
28/Jul/2026:16:32:36.819190 8bd3cd61 Range=bytes=18720247-19628755 Recieved
28/Jul/2026:16:32:36.846036 b93f0581 Range=bytes=20533426-21427508 Recieved
28/Jul/2026:16:32:36.862344 c40d60df Range=bytes=25868535-26740136 Recieved
28/Jul/2026:16:32:36.966577 84b7a9f1 Range=bytes=12539081-13432777 Recieved
28/Jul/2026:16:32:36.973176 fec1771e Range=bytes=21427509-22319446 Recieved
28/Jul/2026:16:32:36.996546 7d47e0e8 Range=bytes=22319447-23216624 Recieved
28/Jul/2026:16:32:37.011169 83a0a394 Range=bytes=10742665-11634657 Recieved
28/Jul/2026:16:32:37.019218 96d03e71 Range=bytes=24112483-25007052 Recieved
28/Jul/2026:16:32:37.027142 9bb00e14 Range=bytes=25007053-25868534 Recieved
28/Jul/2026:16:32:37.030047 abb1959f Range=bytes=16076115-16954008 Recieved
28/Jul/2026:16:32:37.173873 3fd5ab5a Range=bytes=15197500-16076114 Recieved
28/Jul/2026:16:32:37.198174 52e77212 Range=bytes=14314695-15197499 Recieved
28/Jul/2026:16:32:37.205125 83b6bef0 Range=bytes=23216625-24112482 Recieved
28/Jul/2026:16:32:37.228599 60f9e240 Range=bytes=19628756-20533425 Recieved
28/Jul/2026:16:32:37.243649 1faf0daa Range=bytes=16954009-17834397 Recieved
Thread for range[11,30] completed | maxWorkers: 2| Latency: 1.0393s 
Thread for range[416,435] completed | maxWorkers: 5| Latency: 0.0000s 
28/Jul/2026:16:32:37.352373 576a26af Range=bytes=9857113-10742664
28/Jul/2026:16:32:37.352531 4cf60094 Range=bytes=10742665-11634657
28/Jul/2026:16:32:37.352609 550be126 Range=bytes=11634658-12539080
28/Jul/2026:16:32:37.352667 eabfb3c6 Range=bytes=12539081-13432777
28/Jul/2026:16:32:37.352718 31745046 Range=bytes=13432778-14314694
28/Jul/2026:16:32:37.352768 ccc1162e Range=bytes=14314695-15197499
28/Jul/2026:16:32:37.352815 171075b3 Range=bytes=15197500-16076114
28/Jul/2026:16:32:37.352864 ee386801 Range=bytes=16076115-16954008
28/Jul/2026:16:32:37.352910 49919662 Range=bytes=16954009-17834397
28/Jul/2026:16:32:37.352955 15495237 Range=bytes=17834398-18720246
28/Jul/2026:16:32:37.353002 5d259b42 Range=bytes=18720247-19628755
28/Jul/2026:16:32:37.353050 80e5ff59 Range=bytes=19628756-20533425
28/Jul/2026:16:32:37.353096 e0b58295 Range=bytes=20533426-21427508
28/Jul/2026:16:32:37.353148 8f41bc6b Range=bytes=21427509-22319446
28/Jul/2026:16:32:37.353197 5822e2df Range=bytes=22319447-23216624
28/Jul/2026:16:32:37.353243 1202c0e8 Range=bytes=23216625-24112482
28/Jul/2026:16:32:37.353299 71a1f122 Range=bytes=24112483-25007052
28/Jul/2026:16:32:37.353346 539c1455 Range=bytes=25007053-25868534
28/Jul/2026:16:32:37.353394 e8b810b7 Range=bytes=25868535-26740136
Thread for range[347,366] completed | maxWorkers: 5| Latency: 0.0000s 
Thread for range[268,287] completed | maxWorkers: 5| Latency: 0.0000s 
Thread for range[488,507] completed | maxWorkers: 5| Latency: 0.0000s 
Thread for range[168,187] completed | maxWorkers: 5| Latency: 0.0000s 
Thread for range[206,225] completed | maxWorkers: 5| Latency: 0.0000s 
Thread for range[520,539] completed | maxWorkers: 5| Latency: 0.0000s 
Thread for range[553,572] completed | maxWorkers: 5| Latency: 0.0000s 
Thread for range[587,606] completed | maxWorkers: 5| Latency: 0.0000s 
28/Jul/2026:16:32:37.437049 576a26af Range=bytes=9857113-10742664 Recieved
28/Jul/2026:16:32:37.453206 8f41bc6b Range=bytes=21427509-22319446 Recieved
28/Jul/2026:16:32:37.458909 550be126 Range=bytes=11634658-12539080 Recieved
28/Jul/2026:16:32:37.460185 eabfb3c6 Range=bytes=12539081-13432777 Recieved
28/Jul/2026:16:32:37.473177 1202c0e8 Range=bytes=23216625-24112482 Recieved
28/Jul/2026:16:32:37.475701 15495237 Range=bytes=17834398-18720246 Recieved
28/Jul/2026:16:32:37.475853 71a1f122 Range=bytes=24112483-25007052 Recieved
28/Jul/2026:16:32:37.479947 e8b810b7 Range=bytes=25868535-26740136 Recieved
28/Jul/2026:16:32:37.482253 ccc1162e Range=bytes=14314695-15197499 Recieved
28/Jul/2026:16:32:37.486208 ee386801 Range=bytes=16076115-16954008 Recieved
28/Jul/2026:16:32:37.497847 80e5ff59 Range=bytes=19628756-20533425 Recieved
28/Jul/2026:16:32:37.498546 539c1455 Range=bytes=25007053-25868534 Recieved
28/Jul/2026:16:32:37.503982 49919662 Range=bytes=16954009-17834397 Recieved
28/Jul/2026:16:32:37.507466 171075b3 Range=bytes=15197500-16076114 Recieved
28/Jul/2026:16:32:37.508461 5d259b42 Range=bytes=18720247-19628755 Recieved
28/Jul/2026:16:32:37.521643 4cf60094 Range=bytes=10742665-11634657 Recieved
28/Jul/2026:16:32:37.535459 31745046 Range=bytes=13432778-14314694 Recieved
28/Jul/2026:16:32:37.637235 5822e2df Range=bytes=22319447-23216624 Recieved
28/Jul/2026:16:32:37.702527 e0b58295 Range=bytes=20533426-21427508 Recieved
Thread for range[11,30] completed | maxWorkers: 5| Latency: 0.4475s 
28/Jul/2026:16:32:37.812514 464d4db3 Range=bytes=9857113-10742664
Thread for range[416,435] completed | maxWorkers: 10| Latency: 0.0000s 
28/Jul/2026:16:32:37.812767 40e6aada Range=bytes=10742665-11634657
28/Jul/2026:16:32:37.812863 9ca68ee1 Range=bytes=11634658-12539080
28/Jul/2026:16:32:37.812930 363562ef Range=bytes=12539081-13432777
28/Jul/2026:16:32:37.812988 c0aaf579 Range=bytes=13432778-14314694
28/Jul/2026:16:32:37.813041 d899273f Range=bytes=14314695-15197499
28/Jul/2026:16:32:37.813094 fcbb7dfe Range=bytes=15197500-16076114
28/Jul/2026:16:32:37.813145 8c1431f6 Range=bytes=16076115-16954008
28/Jul/2026:16:32:37.813196 14dae73c Range=bytes=16954009-17834397
28/Jul/2026:16:32:37.813245 6b759add Range=bytes=17834398-18720246
28/Jul/2026:16:32:37.813293 d98155c1 Range=bytes=18720247-19628755
28/Jul/2026:16:32:37.813342 16fe51ad Range=bytes=19628756-20533425
28/Jul/2026:16:32:37.813392 640d2690 Range=bytes=20533426-21427508
28/Jul/2026:16:32:37.813441 293d163e Range=bytes=21427509-22319446
28/Jul/2026:16:32:37.813489 7629d484 Range=bytes=22319447-23216624
28/Jul/2026:16:32:37.813537 639a0f9b Range=bytes=23216625-24112482
28/Jul/2026:16:32:37.813583 0863542e Range=bytes=24112483-25007052
28/Jul/2026:16:32:37.813628 3468155b Range=bytes=25007053-25868534
28/Jul/2026:16:32:37.813675 eacb03e0 Range=bytes=25868535-26740136
Thread for range[347,366] completed | maxWorkers: 10| Latency: 0.0000s 
Thread for range[168,187] completed | maxWorkers: 10| Latency: 0.0000s 
Thread for range[268,287] completed | maxWorkers: 10| Latency: 0.0000s 
Thread for range[206,225] completed | maxWorkers: 10| Latency: 0.0000s 
Thread for range[488,507] completed | maxWorkers: 10| Latency: 0.0000s 
Thread for range[520,539] completed | maxWorkers: 10| Latency: 0.0000s 
Thread for range[553,572] completed | maxWorkers: 10| Latency: 0.0000s 
Thread for range[587,606] completed | maxWorkers: 10| Latency: 0.0000s 
28/Jul/2026:16:32:37.893111 fcbb7dfe Range=bytes=15197500-16076114 Recieved
28/Jul/2026:16:32:38.070719 464d4db3 Range=bytes=9857113-10742664 Recieved
28/Jul/2026:16:32:38.076306 40e6aada Range=bytes=10742665-11634657 Recieved
28/Jul/2026:16:32:38.086620 9ca68ee1 Range=bytes=11634658-12539080 Recieved
28/Jul/2026:16:32:38.090861 3468155b Range=bytes=25007053-25868534 Recieved
28/Jul/2026:16:32:38.091857 363562ef Range=bytes=12539081-13432777 Recieved
28/Jul/2026:16:32:38.092618 14dae73c Range=bytes=16954009-17834397 Recieved
28/Jul/2026:16:32:38.093209 d899273f Range=bytes=14314695-15197499 Recieved
28/Jul/2026:16:32:38.097430 8c1431f6 Range=bytes=16076115-16954008 Recieved
28/Jul/2026:16:32:38.097717 c0aaf579 Range=bytes=13432778-14314694 Recieved
28/Jul/2026:16:32:38.101889 7629d484 Range=bytes=22319447-23216624 Recieved
28/Jul/2026:16:32:38.105966 16fe51ad Range=bytes=19628756-20533425 Recieved
28/Jul/2026:16:32:38.107621 6b759add Range=bytes=17834398-18720246 Recieved
28/Jul/2026:16:32:38.112259 640d2690 Range=bytes=20533426-21427508 Recieved
28/Jul/2026:16:32:38.119099 639a0f9b Range=bytes=23216625-24112482 Recieved
28/Jul/2026:16:32:38.123193 0863542e Range=bytes=24112483-25007052 Recieved
28/Jul/2026:16:32:38.166626 d98155c1 Range=bytes=18720247-19628755 Recieved
28/Jul/2026:16:32:38.283800 eacb03e0 Range=bytes=25868535-26740136 Recieved
28/Jul/2026:16:32:38.701269 293d163e Range=bytes=21427509-22319446 Recieved
Thread for range[11,30] completed | maxWorkers: 10| Latency: 1.0140s 
Thread for range[347,366] completed | maxWorkers: 15| Latency: 0.0000s 
28/Jul/2026:16:32:38.838955 c4047cb3 Range=bytes=9857113-10742664
28/Jul/2026:16:32:38.839099 d3eef03f Range=bytes=10742665-11634657
28/Jul/2026:16:32:38.839168 d9256623 Range=bytes=11634658-12539080
28/Jul/2026:16:32:38.839225 b6ae51b1 Range=bytes=12539081-13432777
28/Jul/2026:16:32:38.839279 d5fbf877 Range=bytes=13432778-14314694
28/Jul/2026:16:32:38.839329 715e3e9d Range=bytes=14314695-15197499
28/Jul/2026:16:32:38.839381 426347a9 Range=bytes=15197500-16076114
28/Jul/2026:16:32:38.839431 87f99d7a Range=bytes=16076115-16954008
28/Jul/2026:16:32:38.839485 a1bebd7f Range=bytes=16954009-17834397
28/Jul/2026:16:32:38.839534 514463c6 Range=bytes=17834398-18720246
28/Jul/2026:16:32:38.839583 ceda7624 Range=bytes=18720247-19628755
28/Jul/2026:16:32:38.839633 6fe39999 Range=bytes=19628756-20533425
28/Jul/2026:16:32:38.839684 d727461b Range=bytes=20533426-21427508
28/Jul/2026:16:32:38.839737 ed8b2925 Range=bytes=21427509-22319446
28/Jul/2026:16:32:38.839785 1008957f Range=bytes=22319447-23216624
28/Jul/2026:16:32:38.839832 526569b4 Range=bytes=23216625-24112482
28/Jul/2026:16:32:38.839879 a75cf37a Range=bytes=24112483-25007052
28/Jul/2026:16:32:38.839926 d3e9e484 Range=bytes=25007053-25868534
28/Jul/2026:16:32:38.839973 b52ffab8 Range=bytes=25868535-26740136
Thread for range[268,287] completed | maxWorkers: 15| Latency: 0.0000s 
Thread for range[488,507] completed | maxWorkers: 15| Latency: 0.0000s 
Thread for range[168,187] completed | maxWorkers: 15| Latency: 0.0000s 
Thread for range[206,225] completed | maxWorkers: 15| Latency: 0.0000s 
Thread for range[416,435] completed | maxWorkers: 15| Latency: 0.0000s 
Thread for range[520,539] completed | maxWorkers: 15| Latency: 0.0000s 
Thread for range[553,572] completed | maxWorkers: 15| Latency: 0.0000s 
Thread for range[587,606] completed | maxWorkers: 15| Latency: 0.0000s 
28/Jul/2026:16:32:38.937425 d3eef03f Range=bytes=10742665-11634657 Recieved
28/Jul/2026:16:32:38.939655 c4047cb3 Range=bytes=9857113-10742664 Recieved
28/Jul/2026:16:32:38.942353 426347a9 Range=bytes=15197500-16076114 Recieved
28/Jul/2026:16:32:38.952231 87f99d7a Range=bytes=16076115-16954008 Recieved
28/Jul/2026:16:32:38.954283 ceda7624 Range=bytes=18720247-19628755 Recieved
28/Jul/2026:16:32:38.961092 d9256623 Range=bytes=11634658-12539080 Recieved
28/Jul/2026:16:32:38.964982 ed8b2925 Range=bytes=21427509-22319446 Recieved
28/Jul/2026:16:32:38.966674 6fe39999 Range=bytes=19628756-20533425 Recieved
28/Jul/2026:16:32:38.966809 d727461b Range=bytes=20533426-21427508 Recieved
28/Jul/2026:16:32:38.988115 526569b4 Range=bytes=23216625-24112482 Recieved
28/Jul/2026:16:32:39.086849 715e3e9d Range=bytes=14314695-15197499 Recieved
28/Jul/2026:16:32:39.091081 514463c6 Range=bytes=17834398-18720246 Recieved
28/Jul/2026:16:32:39.091333 b52ffab8 Range=bytes=25868535-26740136 Recieved
28/Jul/2026:16:32:39.131838 b6ae51b1 Range=bytes=12539081-13432777 Recieved
28/Jul/2026:16:32:39.150237 d5fbf877 Range=bytes=13432778-14314694 Recieved
28/Jul/2026:16:32:39.150750 a1bebd7f Range=bytes=16954009-17834397 Recieved
28/Jul/2026:16:32:39.152608 a75cf37a Range=bytes=24112483-25007052 Recieved
28/Jul/2026:16:32:39.153272 d3e9e484 Range=bytes=25007053-25868534 Recieved
28/Jul/2026:16:32:39.158289 1008957f Range=bytes=22319447-23216624 Recieved
Thread for range[11,30] completed | maxWorkers: 15| Latency: 0.4274s 
28/Jul/2026:16:32:39.277049 45391735 Range=bytes=9857113-10742664
28/Jul/2026:16:32:39.277455 fc005229 Range=bytes=10742665-11634657
Thread for range[553,572] completed | maxWorkers: 20| Latency: 0.0000s 
28/Jul/2026:16:32:39.277568 af427cad Range=bytes=11634658-12539080
28/Jul/2026:16:32:39.277636 cac6f10b Range=bytes=12539081-13432777
28/Jul/2026:16:32:39.277693 e0613e2b Range=bytes=13432778-14314694
28/Jul/2026:16:32:39.277745 46b1083d Range=bytes=14314695-15197499
28/Jul/2026:16:32:39.277797 a868b37e Range=bytes=15197500-16076114
28/Jul/2026:16:32:39.277849 d1477c20 Range=bytes=16076115-16954008
28/Jul/2026:16:32:39.277899 7cc14084 Range=bytes=16954009-17834397
28/Jul/2026:16:32:39.277946 ecf47062 Range=bytes=17834398-18720246
28/Jul/2026:16:32:39.277995 cde98520 Range=bytes=18720247-19628755
28/Jul/2026:16:32:39.278043 d28aaa19 Range=bytes=19628756-20533425
28/Jul/2026:16:32:39.278089 a0500984 Range=bytes=20533426-21427508
28/Jul/2026:16:32:39.278136 8f6d3f7c Range=bytes=21427509-22319446
28/Jul/2026:16:32:39.278188 771aa7f0 Range=bytes=22319447-23216624
28/Jul/2026:16:32:39.278236 3714c0ce Range=bytes=23216625-24112482
28/Jul/2026:16:32:39.278284 6f93e8ff Range=bytes=24112483-25007052
28/Jul/2026:16:32:39.278332 1a708841 Range=bytes=25007053-25868534
28/Jul/2026:16:32:39.278381 d8a84009 Range=bytes=25868535-26740136
Thread for range[520,539] completed | maxWorkers: 20| Latency: 0.0000s 
Thread for range[587,606] completed | maxWorkers: 20| Latency: 0.0000s 
Thread for range[206,225] completed | maxWorkers: 20| Latency: 0.0000s 
Thread for range[488,507] completed | maxWorkers: 20| Latency: 0.0000s 
Thread for range[347,366] completed | maxWorkers: 20| Latency: 0.0000s 
Thread for range[268,287] completed | maxWorkers: 20| Latency: 0.0000s 
Thread for range[168,187] completed | maxWorkers: 20| Latency: 0.0000s 
Thread for range[416,435] completed | maxWorkers: 20| Latency: 0.0000s 
28/Jul/2026:16:32:39.348986 cde98520 Range=bytes=18720247-19628755 Recieved
28/Jul/2026:16:32:39.350311 d28aaa19 Range=bytes=19628756-20533425 Recieved
28/Jul/2026:16:32:39.351161 a0500984 Range=bytes=20533426-21427508 Recieved
28/Jul/2026:16:32:39.354564 6f93e8ff Range=bytes=24112483-25007052 Recieved
28/Jul/2026:16:32:39.382186 d8a84009 Range=bytes=25868535-26740136 Recieved
28/Jul/2026:16:32:39.535013 ecf47062 Range=bytes=17834398-18720246 Recieved
28/Jul/2026:16:32:39.537395 45391735 Range=bytes=9857113-10742664 Recieved
28/Jul/2026:16:32:39.585984 e0613e2b Range=bytes=13432778-14314694 Recieved
28/Jul/2026:16:32:39.693775 8f6d3f7c Range=bytes=21427509-22319446 Recieved
28/Jul/2026:16:32:39.724200 1a708841 Range=bytes=25007053-25868534 Recieved
28/Jul/2026:16:32:39.773143 cac6f10b Range=bytes=12539081-13432777 Recieved
28/Jul/2026:16:32:39.775284 771aa7f0 Range=bytes=22319447-23216624 Recieved
28/Jul/2026:16:32:39.779246 fc005229 Range=bytes=10742665-11634657 Recieved
28/Jul/2026:16:32:39.780087 d1477c20 Range=bytes=16076115-16954008 Recieved
28/Jul/2026:16:32:39.790521 af427cad Range=bytes=11634658-12539080 Recieved
28/Jul/2026:16:32:39.796674 3714c0ce Range=bytes=23216625-24112482 Recieved
28/Jul/2026:16:32:39.830930 a868b37e Range=bytes=15197500-16076114 Recieved
28/Jul/2026:16:32:39.859355 7cc14084 Range=bytes=16954009-17834397 Recieved
28/Jul/2026:16:32:39.987373 46b1083d Range=bytes=14314695-15197499 Recieved
Thread for range[11,30] completed | maxWorkers: 20| Latency: 0.8350s 
28/Jul/2026:16:32:40.124932 13845748 Range=bytes=9857113-10742664
28/Jul/2026:16:32:40.125318 bb091850 Range=bytes=10742665-11634657
Thread for range[268,287] completed | maxWorkers: 25| Latency: 0.0000s 
28/Jul/2026:16:32:40.125429 e627d79a Range=bytes=11634658-12539080
28/Jul/2026:16:32:40.125500 8b61e156 Range=bytes=12539081-13432777
28/Jul/2026:16:32:40.125556 3bb0db78 Range=bytes=13432778-14314694
28/Jul/2026:16:32:40.125607 9c9d7613 Range=bytes=14314695-15197499
28/Jul/2026:16:32:40.125659 12fb3789 Range=bytes=15197500-16076114
28/Jul/2026:16:32:40.125710 15b3b246 Range=bytes=16076115-16954008
28/Jul/2026:16:32:40.125761 4fccf95a Range=bytes=16954009-17834397
28/Jul/2026:16:32:40.125809 9c1eea4c Range=bytes=17834398-18720246
28/Jul/2026:16:32:40.125858 dd793125 Range=bytes=18720247-19628755
28/Jul/2026:16:32:40.125906 0cbcd2b2 Range=bytes=19628756-20533425
28/Jul/2026:16:32:40.125956 268c6d5e Range=bytes=20533426-21427508
28/Jul/2026:16:32:40.126007 5ac0d588 Range=bytes=21427509-22319446
28/Jul/2026:16:32:40.126055 cc23790d Range=bytes=22319447-23216624
28/Jul/2026:16:32:40.126105 c01d7694 Range=bytes=23216625-24112482
28/Jul/2026:16:32:40.126151 ab7c1590 Range=bytes=24112483-25007052
28/Jul/2026:16:32:40.126201 e3f9922e Range=bytes=25007053-25868534
28/Jul/2026:16:32:40.126247 599e9dbb Range=bytes=25868535-26740136
Thread for range[553,572] completed | maxWorkers: 25| Latency: 0.0000s 
Thread for range[520,539] completed | maxWorkers: 25| Latency: 0.0000s 
Thread for range[488,507] completed | maxWorkers: 25| Latency: 0.0000s 
Thread for range[347,366] completed | maxWorkers: 25| Latency: 0.0000s 
Thread for range[206,225] completed | maxWorkers: 25| Latency: 0.0000s 
Thread for range[587,606] completed | maxWorkers: 25| Latency: 0.0000s 
Thread for range[168,187] completed | maxWorkers: 25| Latency: 0.0000s 
Thread for range[416,435] completed | maxWorkers: 25| Latency: 0.0000s 
28/Jul/2026:16:32:40.221895 e3f9922e Range=bytes=25007053-25868534 Recieved
28/Jul/2026:16:32:40.223521 ab7c1590 Range=bytes=24112483-25007052 Recieved
28/Jul/2026:16:32:40.225202 9c1eea4c Range=bytes=17834398-18720246 Recieved
28/Jul/2026:16:32:40.230022 dd793125 Range=bytes=18720247-19628755 Recieved
28/Jul/2026:16:32:40.234431 12fb3789 Range=bytes=15197500-16076114 Recieved
28/Jul/2026:16:32:40.383717 0cbcd2b2 Range=bytes=19628756-20533425 Recieved
28/Jul/2026:16:32:40.405983 15b3b246 Range=bytes=16076115-16954008 Recieved
28/Jul/2026:16:32:40.413181 4fccf95a Range=bytes=16954009-17834397 Recieved
28/Jul/2026:16:32:40.420393 bb091850 Range=bytes=10742665-11634657 Recieved
28/Jul/2026:16:32:40.424923 9c9d7613 Range=bytes=14314695-15197499 Recieved
28/Jul/2026:16:32:40.440071 3bb0db78 Range=bytes=13432778-14314694 Recieved
28/Jul/2026:16:32:40.443429 e627d79a Range=bytes=11634658-12539080 Recieved
28/Jul/2026:16:32:40.445627 13845748 Range=bytes=9857113-10742664 Recieved
28/Jul/2026:16:32:40.453652 5ac0d588 Range=bytes=21427509-22319446 Recieved
28/Jul/2026:16:32:40.460243 c01d7694 Range=bytes=23216625-24112482 Recieved
28/Jul/2026:16:32:40.466765 599e9dbb Range=bytes=25868535-26740136 Recieved
28/Jul/2026:16:32:40.483166 cc23790d Range=bytes=22319447-23216624 Recieved
28/Jul/2026:16:32:40.484766 268c6d5e Range=bytes=20533426-21427508 Recieved
28/Jul/2026:16:32:40.684184 8b61e156 Range=bytes=12539081-13432777 Recieved
Thread for range[11,30] completed | maxWorkers: 25| Latency: 0.6777s 
Thread for range[416,435] completed | maxWorkers: 30| Latency: 0.0000s 
28/Jul/2026:16:32:40.816787 339ca5e6 Range=bytes=9857113-10742664
28/Jul/2026:16:32:40.817013 f6bd28b2 Range=bytes=10742665-11634657
28/Jul/2026:16:32:40.817101 1c123ec6 Range=bytes=11634658-12539080
28/Jul/2026:16:32:40.817166 23354c5a Range=bytes=12539081-13432777
28/Jul/2026:16:32:40.817224 fb94f88a Range=bytes=13432778-14314694
28/Jul/2026:16:32:40.817277 0f1ef760 Range=bytes=14314695-15197499
28/Jul/2026:16:32:40.817333 ac5f853c Range=bytes=15197500-16076114
28/Jul/2026:16:32:40.817384 db1d03cc Range=bytes=16076115-16954008
28/Jul/2026:16:32:40.817434 9ed76640 Range=bytes=16954009-17834397
28/Jul/2026:16:32:40.817483 32473f69 Range=bytes=17834398-18720246
28/Jul/2026:16:32:40.817532 88dfe64b Range=bytes=18720247-19628755
28/Jul/2026:16:32:40.817581 d8269fb3 Range=bytes=19628756-20533425
28/Jul/2026:16:32:40.817629 06ed391e Range=bytes=20533426-21427508
28/Jul/2026:16:32:40.817677 c7096629 Range=bytes=21427509-22319446
28/Jul/2026:16:32:40.817728 198bbb8b Range=bytes=22319447-23216624
28/Jul/2026:16:32:40.817779 c6ddf311 Range=bytes=23216625-24112482
28/Jul/2026:16:32:40.817828 d5792523 Range=bytes=24112483-25007052
28/Jul/2026:16:32:40.817875 24f0912a Range=bytes=25007053-25868534
28/Jul/2026:16:32:40.817923 ca689d65 Range=bytes=25868535-26740136
Thread for range[206,225] completed | maxWorkers: 30| Latency: 0.0000s 
Thread for range[488,507] completed | maxWorkers: 30| Latency: 0.0000s 
Thread for range[347,366] completed | maxWorkers: 30| Latency: 0.0000s 
Thread for range[268,287] completed | maxWorkers: 30| Latency: 0.0000s 
Thread for range[168,187] completed | maxWorkers: 30| Latency: 0.0000s 
Thread for range[553,572] completed | maxWorkers: 30| Latency: 0.0000s 
Thread for range[587,606] completed | maxWorkers: 30| Latency: 0.0000s 
Thread for range[520,539] completed | maxWorkers: 30| Latency: 0.0000s 
28/Jul/2026:16:32:40.892951 24f0912a Range=bytes=25007053-25868534 Recieved
28/Jul/2026:16:32:40.893768 d8269fb3 Range=bytes=19628756-20533425 Recieved
28/Jul/2026:16:32:40.901350 88dfe64b Range=bytes=18720247-19628755 Recieved
28/Jul/2026:16:32:40.903148 d5792523 Range=bytes=24112483-25007052 Recieved
28/Jul/2026:16:32:40.911927 c6ddf311 Range=bytes=23216625-24112482 Recieved
28/Jul/2026:16:32:40.912907 198bbb8b Range=bytes=22319447-23216624 Recieved
28/Jul/2026:16:32:40.926100 06ed391e Range=bytes=20533426-21427508 Recieved
28/Jul/2026:16:32:40.941854 339ca5e6 Range=bytes=9857113-10742664 Recieved
28/Jul/2026:16:32:41.078563 23354c5a Range=bytes=12539081-13432777 Recieved
28/Jul/2026:16:32:41.111959 32473f69 Range=bytes=17834398-18720246 Recieved
28/Jul/2026:16:32:41.115957 ac5f853c Range=bytes=15197500-16076114 Recieved
28/Jul/2026:16:32:41.127449 db1d03cc Range=bytes=16076115-16954008 Recieved
28/Jul/2026:16:32:41.180951 0f1ef760 Range=bytes=14314695-15197499 Recieved
28/Jul/2026:16:32:41.186856 fb94f88a Range=bytes=13432778-14314694 Recieved
28/Jul/2026:16:32:41.263312 ca689d65 Range=bytes=25868535-26740136 Recieved
28/Jul/2026:16:32:41.266214 c7096629 Range=bytes=21427509-22319446 Recieved
28/Jul/2026:16:32:41.306182 9ed76640 Range=bytes=16954009-17834397 Recieved
28/Jul/2026:16:32:41.313147 1c123ec6 Range=bytes=11634658-12539080 Recieved
28/Jul/2026:16:32:41.395137 f6bd28b2 Range=bytes=10742665-11634657 Recieved
Thread for range[11,30] completed | maxWorkers: 30| Latency: 0.7026s 
